Archive member included to satisfy reference by file (symbol)

/home/p7810456/arm-gnu-toolchain-12.2.mpacbti-rel1-x86_64-arm-none-eabi/bin/../lib/gcc/arm-none-eabi/12.2.1/thumb/v6-m/nofp/libgcc.a(_dvmd_tls.o)
                              CMakeFiles/p78_nrf.dir/home/p7810456/pico-sdk/src/rp2_common/pico_divider/divider.S.obj (__aeabi_idiv0)
/home/p7810456/arm-gnu-toolchain-12.2.mpacbti-rel1-x86_64-arm-none-eabi/bin/../lib/gcc/arm-none-eabi/12.2.1/../../../../arm-none-eabi/lib/thumb/v6-m/nofp/libc.a(libc_a-malloc.o)
                              CMakeFiles/p78_nrf.dir/home/p7810456/pico-sdk/src/rp2_common/pico_malloc/pico_malloc.c.obj (malloc)
/home/p7810456/arm-gnu-toolchain-12.2.mpacbti-rel1-x86_64-arm-none-eabi/bin/../lib/gcc/arm-none-eabi/12.2.1/../../../../arm-none-eabi/lib/thumb/v6-m/nofp/libc.a(libc_a-mallocr.o)
                              /home/p7810456/arm-gnu-toolchain-12.2.mpacbti-rel1-x86_64-arm-none-eabi/bin/../lib/gcc/arm-none-eabi/12.2.1/../../../../arm-none-eabi/lib/thumb/v6-m/nofp/libc.a(libc_a-malloc.o) (_malloc_r)
/home/p7810456/arm-gnu-toolchain-12.2.mpacbti-rel1-x86_64-arm-none-eabi/bin/../lib/gcc/arm-none-eabi/12.2.1/../../../../arm-none-eabi/lib/thumb/v6-m/nofp/libc.a(libc_a-init.o)
                              /home/p7810456/arm-gnu-toolchain-12.2.mpacbti-rel1-x86_64-arm-none-eabi/bin/../lib/gcc/arm-none-eabi/12.2.1/../../../../arm-none-eabi/lib/thumb/v6-m/nofp/crt0.o (__libc_init_array)
/home/p7810456/arm-gnu-toolchain-12.2.mpacbti-rel1-x86_64-arm-none-eabi/bin/../lib/gcc/arm-none-eabi/12.2.1/../../../../arm-none-eabi/lib/thumb/v6-m/nofp/libc.a(libc_a-sysconf.o)
                              /home/p7810456/arm-gnu-toolchain-12.2.mpacbti-rel1-x86_64-arm-none-eabi/bin/../lib/gcc/arm-none-eabi/12.2.1/../../../../arm-none-eabi/lib/thumb/v6-m/nofp/libc.a(libc_a-mallocr.o) (sysconf)
/home/p7810456/arm-gnu-toolchain-12.2.mpacbti-rel1-x86_64-arm-none-eabi/bin/../lib/gcc/arm-none-eabi/12.2.1/../../../../arm-none-eabi/lib/thumb/v6-m/nofp/libc.a(libc_a-mlock.o)
                              /home/p7810456/arm-gnu-toolchain-12.2.mpacbti-rel1-x86_64-arm-none-eabi/bin/../lib/gcc/arm-none-eabi/12.2.1/../../../../arm-none-eabi/lib/thumb/v6-m/nofp/libc.a(libc_a-mallocr.o) (__malloc_lock)
/home/p7810456/arm-gnu-toolchain-12.2.mpacbti-rel1-x86_64-arm-none-eabi/bin/../lib/gcc/arm-none-eabi/12.2.1/../../../../arm-none-eabi/lib/thumb/v6-m/nofp/libc.a(libc_a-calloc.o)
                              CMakeFiles/p78_nrf.dir/home/p7810456/pico-sdk/src/rp2_common/pico_malloc/pico_malloc.c.obj (calloc)
/home/p7810456/arm-gnu-toolchain-12.2.mpacbti-rel1-x86_64-arm-none-eabi/bin/../lib/gcc/arm-none-eabi/12.2.1/../../../../arm-none-eabi/lib/thumb/v6-m/nofp/libc.a(libc_a-callocr.o)
                              /home/p7810456/arm-gnu-toolchain-12.2.mpacbti-rel1-x86_64-arm-none-eabi/bin/../lib/gcc/arm-none-eabi/12.2.1/../../../../arm-none-eabi/lib/thumb/v6-m/nofp/libc.a(libc_a-calloc.o) (_calloc_r)
/home/p7810456/arm-gnu-toolchain-12.2.mpacbti-rel1-x86_64-arm-none-eabi/bin/../lib/gcc/arm-none-eabi/12.2.1/../../../../arm-none-eabi/lib/thumb/v6-m/nofp/libc.a(libc_a-realloc.o)
                              CMakeFiles/p78_nrf.dir/home/p7810456/pico-sdk/src/rp2_common/pico_malloc/pico_malloc.c.obj (realloc)
/home/p7810456/arm-gnu-toolchain-12.2.mpacbti-rel1-x86_64-arm-none-eabi/bin/../lib/gcc/arm-none-eabi/12.2.1/../../../../arm-none-eabi/lib/thumb/v6-m/nofp/libc.a(libc_a-impure.o)
                              /home/p7810456/arm-gnu-toolchain-12.2.mpacbti-rel1-x86_64-arm-none-eabi/bin/../lib/gcc/arm-none-eabi/12.2.1/../../../../arm-none-eabi/lib/thumb/v6-m/nofp/libc.a(libc_a-malloc.o) (_impure_ptr)
/home/p7810456/arm-gnu-toolchain-12.2.mpacbti-rel1-x86_64-arm-none-eabi/bin/../lib/gcc/arm-none-eabi/12.2.1/../../../../arm-none-eabi/lib/thumb/v6-m/nofp/libc.a(libc_a-findfp.o)
                              /home/p7810456/arm-gnu-toolchain-12.2.mpacbti-rel1-x86_64-arm-none-eabi/bin/../lib/gcc/arm-none-eabi/12.2.1/../../../../arm-none-eabi/lib/thumb/v6-m/nofp/libc.a(libc_a-impure.o) (__sf)
/home/p7810456/arm-gnu-toolchain-12.2.mpacbti-rel1-x86_64-arm-none-eabi/bin/../lib/gcc/arm-none-eabi/12.2.1/../../../../arm-none-eabi/lib/thumb/v6-m/nofp/libc.a(libc_a-strlen-stub.o)
                              CMakeFiles/p78_nrf.dir/home/p7810456/pico-sdk/src/rp2_common/pico_stdio/stdio.c.obj (strlen)
/home/p7810456/arm-gnu-toolchain-12.2.mpacbti-rel1-x86_64-arm-none-eabi/bin/../lib/gcc/arm-none-eabi/12.2.1/../../../../arm-none-eabi/lib/thumb/v6-m/nofp/libc.a(libc_a-reallocr.o)
                              /home/p7810456/arm-gnu-toolchain-12.2.mpacbti-rel1-x86_64-arm-none-eabi/bin/../lib/gcc/arm-none-eabi/12.2.1/../../../../arm-none-eabi/lib/thumb/v6-m/nofp/libc.a(libc_a-realloc.o) (_realloc_r)
/home/p7810456/arm-gnu-toolchain-12.2.mpacbti-rel1-x86_64-arm-none-eabi/bin/../lib/gcc/arm-none-eabi/12.2.1/../../../../arm-none-eabi/lib/thumb/v6-m/nofp/libc.a(libc_a-freer.o)
[...]
Memory Configuration

Name             Origin             Length             Attributes
FLASH            0x10000000         0x00200000         xr
RAM              0x20000000         0x00040000         xrw
SCRATCH_X        0x20040000         0x00001000         xrw
SCRATCH_Y        0x20041000         0x00001000         xrw
*default*        0x00000000         0xffffffff

Linker script and memory map

LOAD /home/p7810456/arm-gnu-toolchain-12.2.mpacbti-rel1-x86_64-arm-none-eabi/bin/../lib/gcc/arm-none-eabi/12.2.1/thumb/v6-m/nofp/crti.o
LOAD /home/p7810456/arm-gnu-toolchain-12.2.mpacbti-rel1-x86_64-arm-none-eabi/bin/../lib/gcc/arm-none-eabi/12.2.1/thumb/v6-m/nofp/crtbegin.o
LOAD /home/p7810456/arm-gnu-toolchain-12.2.mpacbti-rel1-x86_64-arm-none-eabi/bin/../lib/gcc/arm-none-eabi/12.2.1/../../../../arm-none-eabi/lib/thumb/v6-m/nofp/crt0.o

.flash_begin    0x10000000        0x0
                0x10000000                        __flash_binary_start = .

.boot2          0x10000000      0x100
                0x10000000                        __boot2_start__ = .
 *(.boot2)
 .boot2         0x10000000      0x100 /tmp/ccvpvBlL.o
                0x10000100                        __boot2_end__ = .
                0x00000001                        ASSERT (((__boot2_end__ - __boot2_start__) == 0x100), ERROR: Pico second stage bootloader must be 256 bytes in size)

.text           0x10000100     0x7028
                0x10000100                        __logical_binary_start = .
 *(.vectors)
 .vectors       0x10000100       0xd4 CMakeFiles/p78_nrf.dir/home/p7810456/pico-sdk/src/rp2_common/pico_standard_link/crt0.S.obj
                0x10000100                __vectors
                0x10000100                __VECTOR_TABLE
                0x100001c0                isr_invalid
                0x100001c0                __default_isrs_start
                0x100001c2                isr_nmi
                0x100001c4                isr_hardfault
                0x100001c6                isr_svcall
                0x100001c8                isr_pendsv
                0x100001ca                isr_systick
                0x100001cc                isr_irq30
                0x100001cc                __unhandled_user_irq
                0x100001cc                isr_irq13
                0x100001cc                isr_irq27
                0x100001cc                isr_irq31
                0x100001cc                isr_irq5
                0x100001cc                isr_irq11
                0x100001cc                isr_irq23
                0x100001cc                isr_irq18
                0x100001cc                isr_irq28
                0x100001cc                isr_irq19
                0x100001cc                isr_irq0
                0x100001cc                isr_irq6
                0x100001cc                isr_irq22
                0x100001cc                isr_irq17
                0x100001cc                isr_irq14
                0x100001cc                isr_irq2
                0x100001cc                isr_irq10
                0x100001cc                isr_irq8
                0x100001cc                isr_irq24
                0x100001cc                isr_irq1
                0x100001cc                isr_irq7
                0x100001cc                isr_irq21
                0x100001cc                isr_irq20
                0x100001cc                isr_irq15
                0x100001cc                isr_irq25
                0x100001cc                isr_irq4
                0x100001cc                isr_irq16
                0x100001cc                isr_irq29
                0x100001cc                isr_irq26
                0x100001cc                __default_isrs_end
                0x100001cc                isr_irq3
                0x100001cc                isr_irq12
                0x100001cc                isr_irq9
                0x100001d2                unhandled_user_irq_num_in_r0
 *(.binary_info_header)
 .binary_info_header
                0x100001d4       0x14 CMakeFiles/p78_nrf.dir/home/p7810456/pico-sdk/src/rp2_common/pico_standard_link/crt0.S.obj
                0x100001e8                        __binary_info_header_end = .
 *(.reset)
 .reset         0x100001e8       0xa0 CMakeFiles/p78_nrf.dir/home/p7810456/pico-sdk/src/rp2_common/pico_standard_link/crt0.S.obj
                0x100001e8                _entry_point
 .reset         0x10000288       0x30 CMakeFiles/p78_nrf.dir/home/p7810456/pico-sdk/src/rp2_common/pico_standard_link/binary_info.c.obj
 *(.init)
 .init          0x100002b8        0x4 /home/p7810456/arm-gnu-toolchain-12.2.mpacbti-rel1-x86_64-arm-none-eabi/bin/../lib/gcc/arm-none-eabi/12.2.1/thumb/v6-m/nofp/crti.o
                0x100002b8                _init
 *(EXCLUDE_FILE(*libm.a: *libc.a:*lib_a-mem*.o *libgcc.a:) .text*)
 .text.register_tm_clones
                0x100002bc       0x28 /home/p7810456/arm-gnu-toolchain-12.2.mpacbti-rel1-x86_64-arm-none-eabi/bin/../lib/gcc/arm-none-eabi/12.2.1/thumb/v6-m/nofp/crtbegin.o
 .text.frame_dummy
                0x100002e4       0x24 /home/p7810456/arm-gnu-toolchain-12.2.mpacbti-rel1-x86_64-arm-none-eabi/bin/../lib/gcc/arm-none-eabi/12.2.1/thumb/v6-m/nofp/crtbegin.o
 .text.err_handler
                0x10000308       0x1c CMakeFiles/p78_nrf.dir/main.c.obj
                0x10000308                err_handler
 .text.startup.main
                0x10000324       0xd0 CMakeFiles/p78_nrf.dir/main.c.obj
                0x10000324                main
 .text.write_mem
                0x100003f4       0x78 CMakeFiles/p78_nrf.dir/home/p7810456/p78_testing/rpi-pico/nrf24_demos/p78_nrf24/nrf24l01.c.obj
                0x100003f4                write_mem
 .text.read_mem
                0x1000046c       0x7c CMakeFiles/p78_nrf.dir/home/p7810456/p78_testing/rpi-pico/nrf24_demos/p78_nrf24/nrf24l01.c.obj
                0x1000046c                read_mem
 .text.init_nrf24
                0x100004e8       0xcc CMakeFiles/p78_nrf.dir/home/p7810456/p78_testing/rpi-pico/nrf24_demos/p78_nrf24/nrf24l01.c.obj
                0x100004e8                init_nrf24
 .text.write_payload
                0x100005b4       0x98 CMakeFiles/p78_nrf.dir/home/p7810456/p78_testing/rpi-pico/nrf24_demos/p78_nrf24/nrf24l01.c.obj
                0x100005b4                write_payload
 .text.gpio_set_function
                0x1000064c       0x30 CMakeFiles/p78_nrf.dir/home/p7810456/pico-sdk/src/rp2_common/hardware_gpio/gpio.c.obj
                0x1000064c                gpio_set_function
 .text.gpio_init
                0x1000067c       0x3c CMakeFiles/p78_nrf.dir/home/p7810456/pico-sdk/src/rp2_common/hardware_gpio/gpio.c.obj
                0x1000067c                gpio_init
 .text.running_on_fpga
                0x100006b8       0x10 CMakeFiles/p78_nrf.dir/home/p7810456/pico-sdk/src/rp2_common/pico_platform/platform.c.obj
                0x100006b8                running_on_fpga
 .text.hw_claim_or_assert
                0x100006c8       0x44 CMakeFiles/p78_nrf.dir/home/p7810456/pico-sdk/src/rp2_common/hardware_claim/claim.c.obj
                0x100006c8                hw_claim_or_assert
 .text.hw_claim_unused_from_range
                0x1000070c       0x9c CMakeFiles/p78_nrf.dir/home/p7810456/pico-sdk/src/rp2_common/hardware_claim/claim.c.obj
                0x1000070c                hw_claim_unused_from_range
 .text.spin_locks_reset
                0x100007a8       0x1c CMakeFiles/p78_nrf.dir/home/p7810456/pico-sdk/src/rp2_common/hardware_sync/sync.c.obj
                0x100007a8                spin_locks_reset
 .text.next_striped_spin_lock_num
                0x100007c4       0x18 CMakeFiles/p78_nrf.dir/home/p7810456/pico-sdk/src/rp2_common/hardware_sync/sync.c.obj
                0x100007c4                next_striped_spin_lock_num
 .text.spin_lock_claim_unused
                0x100007dc       0x24 CMakeFiles/p78_nrf.dir/home/p7810456/pico-sdk/src/rp2_common/hardware_sync/sync.c.obj
                0x100007dc                spin_lock_claim_unused
 .text.irq_set_enabled
                0x10000800       0x24 CMakeFiles/p78_nrf.dir/home/p7810456/pico-sdk/src/rp2_common/hardware_irq/irq.c.obj
                0x10000800                irq_set_enabled
 .text.irq_set_pending
                0x10000824       0x10 CMakeFiles/p78_nrf.dir/home/p7810456/pico-sdk/src/rp2_common/hardware_irq/irq.c.obj
                0x10000824                irq_set_pending
 .text.irq_has_shared_handler
                0x10000834       0x2c CMakeFiles/p78_nrf.dir/home/p7810456/pico-sdk/src/rp2_common/hardware_irq/irq.c.obj
                0x10000834                irq_has_shared_handler
 .text.irq_get_vtable_handler
                0x10000860       0x10 CMakeFiles/p78_nrf.dir/home/p7810456/pico-sdk/src/rp2_common/hardware_irq/irq.c.obj
                0x10000860                irq_get_vtable_handler
 .text.irq_set_exclusive_handler
                0x10000870       0x54 CMakeFiles/p78_nrf.dir/home/p7810456/pico-sdk/src/rp2_common/hardware_irq/irq.c.obj
                0x10000870                irq_set_exclusive_handler
 .text.irq_add_shared_handler
                0x100008c4      0x1e0 CMakeFiles/p78_nrf.dir/home/p7810456/pico-sdk/src/rp2_common/hardware_irq/irq.c.obj
                0x100008c4                irq_add_shared_handler
 .text.irq_remove_handler
                0x10000aa4      0x1c4 CMakeFiles/p78_nrf.dir/home/p7810456/pico-sdk/src/rp2_common/hardware_irq/irq.c.obj
                0x10000aa4                irq_remove_handler
 .text.irq_add_tail_to_free_list
                0x10000c68       0xb4 CMakeFiles/p78_nrf.dir/home/p7810456/pico-sdk/src/rp2_common/hardware_irq/irq.c.obj
                0x10000c68                irq_add_tail_to_free_list
 .text.irq_init_priorities
                0x10000d1c       0x24 CMakeFiles/p78_nrf.dir/home/p7810456/pico-sdk/src/rp2_common/hardware_irq/irq.c.obj
                0x10000d1c                irq_init_priorities
 .text.user_irq_claim_unused
                0x10000d40       0x2c CMakeFiles/p78_nrf.dir/home/p7810456/pico-sdk/src/rp2_common/hardware_irq/irq.c.obj
                0x10000d40                user_irq_claim_unused
 .text.lock_init
                0x10000d6c       0x10 CMakeFiles/p78_nrf.dir/home/p7810456/pico-sdk/src/common/pico_sync/lock_core.c.obj
                0x10000d6c                lock_init
 .text.mutex_init
                0x10000d7c       0x1c CMakeFiles/p78_nrf.dir/home/p7810456/pico-sdk/src/common/pico_sync/mutex.c.obj
                0x10000d7c                mutex_init
 .text.recursive_mutex_init
                0x10000d98       0x1c CMakeFiles/p78_nrf.dir/home/p7810456/pico-sdk/src/common/pico_sync/mutex.c.obj
                0x10000d98                recursive_mutex_init
 .text.critical_section_init
                0x10000db4       0x1c CMakeFiles/p78_nrf.dir/home/p7810456/pico-sdk/src/common/pico_sync/critical_section.c.obj
                0x10000db4                critical_section_init
 .text.critical_section_init_with_lock_num
                0x10000dd0       0x14 CMakeFiles/p78_nrf.dir/home/p7810456/pico-sdk/src/common/pico_sync/critical_section.c.obj
                0x10000dd0                critical_section_init_with_lock_num
 .text.timer_pool_entry_comparator
                0x10000de4       0x34 CMakeFiles/p78_nrf.dir/home/p7810456/pico-sdk/src/common/pico_time/time.c.obj
                0x10000de4                timer_pool_entry_comparator
 .text.sleep_until_callback
                0x10000e18       0x30 CMakeFiles/p78_nrf.dir/home/p7810456/pico-sdk/src/common/pico_time/time.c.obj
 .text.add_alarm_under_lock.isra.0
                0x10000e48       0xf8 CMakeFiles/p78_nrf.dir/home/p7810456/pico-sdk/src/common/pico_time/time.c.obj
 .text.alarm_pool_alarm_callback
                0x10000f40      0x1bc CMakeFiles/p78_nrf.dir/home/p7810456/pico-sdk/src/common/pico_time/time.c.obj
 .text.alarm_pool_init_default
                0x100010fc       0x6c CMakeFiles/p78_nrf.dir/home/p7810456/pico-sdk/src/common/pico_time/time.c.obj
                0x100010fc                alarm_pool_init_default
 .text.alarm_pool_get_default
                0x10001168        0x8 CMakeFiles/p78_nrf.dir/home/p7810456/pico-sdk/src/common/pico_time/time.c.obj
                0x10001168                alarm_pool_get_default
 .text.alarm_pool_add_alarm_at
                0x10001170      0x17c CMakeFiles/p78_nrf.dir/home/p7810456/pico-sdk/src/common/pico_time/time.c.obj
                0x10001170                alarm_pool_add_alarm_at
 .text.alarm_pool_cancel_alarm
                0x100012ec       0x68 CMakeFiles/p78_nrf.dir/home/p7810456/pico-sdk/src/common/pico_time/time.c.obj
                0x100012ec                alarm_pool_cancel_alarm
 .text.alarm_pool_core_num
                0x10001354        0x4 CMakeFiles/p78_nrf.dir/home/p7810456/pico-sdk/src/common/pico_time/time.c.obj
                0x10001354                alarm_pool_core_num
 .text.sleep_until
                0x10001358       0xc4 CMakeFiles/p78_nrf.dir/home/p7810456/pico-sdk/src/common/pico_time/time.c.obj
                0x10001358                sleep_until
 .text.sleep_us
                0x1000141c       0x28 CMakeFiles/p78_nrf.dir/home/p7810456/pico-sdk/src/common/pico_time/time.c.obj
                0x1000141c                sleep_us
 .text.sleep_ms
                0x10001444       0x38 CMakeFiles/p78_nrf.dir/home/p7810456/pico-sdk/src/common/pico_time/time.c.obj
                0x10001444                sleep_ms
 .text.best_effort_wfe_or_timeout
                0x1000147c       0x60 CMakeFiles/p78_nrf.dir/home/p7810456/pico-sdk/src/common/pico_time/time.c.obj
                0x1000147c                best_effort_wfe_or_timeout
 .text.hardware_alarm_irq_handler
                0x100014dc       0xbc CMakeFiles/p78_nrf.dir/home/p7810456/pico-sdk/src/rp2_common/hardware_timer/timer.c.obj
 .text.hardware_alarm_claim
                0x10001598       0x18 CMakeFiles/p78_nrf.dir/home/p7810456/pico-sdk/src/rp2_common/hardware_timer/timer.c.obj
                0x10001598                hardware_alarm_claim
 .text.time_us_64
                0x100015b0       0x14 CMakeFiles/p78_nrf.dir/home/p7810456/pico-sdk/src/rp2_common/hardware_timer/timer.c.obj
                0x100015b0                time_us_64
 .text.busy_wait_until
                0x100015c4       0x20 CMakeFiles/p78_nrf.dir/home/p7810456/pico-sdk/src/rp2_common/hardware_timer/timer.c.obj
                0x100015c4                busy_wait_until
 .text.hardware_alarm_set_callback
                0x100015e4       0x8c CMakeFiles/p78_nrf.dir/home/p7810456/pico-sdk/src/rp2_common/hardware_timer/timer.c.obj
                0x100015e4                hardware_alarm_set_callback
 .text.hardware_alarm_set_target
                0x10001670       0xdc CMakeFiles/p78_nrf.dir/home/p7810456/pico-sdk/src/rp2_common/hardware_timer/timer.c.obj
                0x10001670                hardware_alarm_set_target
 .text.hardware_alarm_cancel
                0x1000174c       0x3c CMakeFiles/p78_nrf.dir/home/p7810456/pico-sdk/src/rp2_common/hardware_timer/timer.c.obj
                0x1000174c                hardware_alarm_cancel
 .text.ph_merge_nodes
                0x10001788       0x58 CMakeFiles/p78_nrf.dir/home/p7810456/pico-sdk/src/common/pico_util/pheap.c.obj
 .text.ph_post_alloc_init
                0x100017e0       0x3c CMakeFiles/p78_nrf.dir/home/p7810456/pico-sdk/src/common/pico_util/pheap.c.obj
                0x100017e0                ph_post_alloc_init
 .text.ph_merge_two_pass
                0x1000181c       0x8c CMakeFiles/p78_nrf.dir/home/p7810456/pico-sdk/src/common/pico_util/pheap.c.obj
                0x1000181c                ph_merge_two_pass
 .text.ph_remove_any_head
                0x100018a8      0x100 CMakeFiles/p78_nrf.dir/home/p7810456/pico-sdk/src/common/pico_util/pheap.c.obj
 .text.ph_remove_head
                0x100019a8      0x104 CMakeFiles/p78_nrf.dir/home/p7810456/pico-sdk/src/common/pico_util/pheap.c.obj
                0x100019a8                ph_remove_head
 .text.ph_remove_and_free_node
                0x10001aac       0x78 CMakeFiles/p78_nrf.dir/home/p7810456/pico-sdk/src/common/pico_util/pheap.c.obj
                0x10001aac                ph_remove_and_free_node
 .text.uart_init
                0x10001b24       0xe0 CMakeFiles/p78_nrf.dir/home/p7810456/pico-sdk/src/rp2_common/hardware_uart/uart.c.obj
                0x10001b24                uart_init
 .text.clocks_init
                0x10001c04      0x2b4 CMakeFiles/p78_nrf.dir/home/p7810456/pico-sdk/src/rp2_common/hardware_clocks/clocks.c.obj
                0x10001c04                clocks_init
 .text.clock_get_hz
                0x10001eb8        0xc CMakeFiles/p78_nrf.dir/home/p7810456/pico-sdk/src/rp2_common/hardware_clocks/clocks.c.obj
                0x10001eb8                clock_get_hz
 .text.pll_init
                0x10001ec4       0xa8 CMakeFiles/p78_nrf.dir/home/p7810456/pico-sdk/src/rp2_common/hardware_pll/pll.c.obj
                0x10001ec4                pll_init
 .text.watchdog_start_tick
                0x10001f6c       0x10 CMakeFiles/p78_nrf.dir/home/p7810456/pico-sdk/src/rp2_common/hardware_watchdog/watchdog.c.obj
                0x10001f6c                watchdog_start_tick
 .text.watchdog_reboot
                0x10001f7c       0x9c CMakeFiles/p78_nrf.dir/home/p7810456/pico-sdk/src/rp2_common/hardware_watchdog/watchdog.c.obj
                0x10001f7c                watchdog_reboot
 .text.xosc_init
                0x10002018       0x28 CMakeFiles/p78_nrf.dir/home/p7810456/pico-sdk/src/rp2_common/hardware_xosc/xosc.c.obj
                0x10002018                xosc_init
 .text.runtime_init
                0x10002040       0xec CMakeFiles/p78_nrf.dir/home/p7810456/pico-sdk/src/rp2_common/pico_runtime/runtime.c.obj
                0x10002040                runtime_init
 .text._exit    0x1000212c        0x4 CMakeFiles/p78_nrf.dir/home/p7810456/pico-sdk/src/rp2_common/pico_runtime/runtime.c.obj
                0x1000212c                _exit
 .text.exit     0x10002130        0x8 CMakeFiles/p78_nrf.dir/home/p7810456/pico-sdk/src/rp2_common/pico_runtime/runtime.c.obj
                0x10002130                exit
 .text.panic    0x10002138       0x30 CMakeFiles/p78_nrf.dir/home/p7810456/pico-sdk/src/rp2_common/pico_runtime/runtime.c.obj
                0x10002138                panic
 .text.hard_assertion_failure
                0x10002168        0xc CMakeFiles/p78_nrf.dir/home/p7810456/pico-sdk/src/rp2_common/pico_runtime/runtime.c.obj
                0x10002168                hard_assertion_failure
 .text._out_null
                0x10002174        0x4 CMakeFiles/p78_nrf.dir/home/p7810456/pico-sdk/src/rp2_common/pico_printf/printf.c.obj
 .text._out_rev
                0x10002178       0x90 CMakeFiles/p78_nrf.dir/home/p7810456/pico-sdk/src/rp2_common/pico_printf/printf.c.obj
 .text._ntoa_format
                0x10002208      0x208 CMakeFiles/p78_nrf.dir/home/p7810456/pico-sdk/src/rp2_common/pico_printf/printf.c.obj
 .text._out_char
                0x10002410       0x10 CMakeFiles/p78_nrf.dir/home/p7810456/pico-sdk/src/rp2_common/pico_printf/printf.c.obj
 .text._out_fct
                0x10002420       0x10 CMakeFiles/p78_nrf.dir/home/p7810456/pico-sdk/src/rp2_common/pico_printf/printf.c.obj
 .text._etoa    0x10002430      0x464 CMakeFiles/p78_nrf.dir/home/p7810456/pico-sdk/src/rp2_common/pico_printf/printf.c.obj
 .text._ftoa    0x10002894      0x3c4 CMakeFiles/p78_nrf.dir/home/p7810456/pico-sdk/src/rp2_common/pico_printf/printf.c.obj
 .text._vsnprintf
                0x10002c58      0xc18 CMakeFiles/p78_nrf.dir/home/p7810456/pico-sdk/src/rp2_common/pico_printf/printf.c.obj
 .text.vfctprintf
                0x10003870       0x20 CMakeFiles/p78_nrf.dir/home/p7810456/pico-sdk/src/rp2_common/pico_printf/printf.c.obj
                0x10003870                vfctprintf
 .text.weak_raw_vprintf
                0x10003890       0x30 CMakeFiles/p78_nrf.dir/home/p7810456/pico-sdk/src/rp2_common/pico_printf/printf.c.obj
                0x10003890                weak_raw_vprintf
 .text          0x100038c0       0x10 CMakeFiles/p78_nrf.dir/home/p7810456/pico-sdk/src/rp2_common/pico_bit_ops/bit_ops_aeabi.S.obj
 .text.rom_func_lookup
                0x100038d0       0x10 CMakeFiles/p78_nrf.dir/home/p7810456/pico-sdk/src/rp2_common/pico_bootrom/bootrom.c.obj
                0x100038d0                rom_func_lookup
 .text.rom_data_lookup
                0x100038e0       0x10 CMakeFiles/p78_nrf.dir/home/p7810456/pico-sdk/src/rp2_common/pico_bootrom/bootrom.c.obj
                0x100038e0                rom_data_lookup
 .text.rom_funcs_lookup
                0x100038f0       0x44 CMakeFiles/p78_nrf.dir/home/p7810456/pico-sdk/src/rp2_common/pico_bootrom/bootrom.c.obj
                0x100038f0                rom_funcs_lookup
 .text.__wrap___aeabi_idiv
                0x10003934       0x50 CMakeFiles/p78_nrf.dir/home/p7810456/pico-sdk/src/rp2_common/pico_divider/divider.S.obj
                0x10003934                __wrap___aeabi_idivmod
                0x10003934                divmod_s32s32
                0x10003934                div_s32s32
                0x10003934                __wrap___aeabi_idiv
                0x1000393c                divmod_s32s32_unsafe
                0x10003968                divmod_s32s32_savestate
 .text.__wrap___aeabi_uidiv
                0x10003984       0x4c CMakeFiles/p78_nrf.dir/home/p7810456/pico-sdk/src/rp2_common/pico_divider/divider.S.obj
                0x10003984                __wrap___aeabi_uidiv
                0x10003984                __wrap___aeabi_uidivmod
                0x10003984                div_u32u32
                0x10003984                divmod_u32u32
                0x1000398c                divmod_u32u32_unsafe
                0x100039b4                divmod_u32u32_savestate
 .text.__wrap___aeabi_ldiv
                0x100039d0      0x424 CMakeFiles/p78_nrf.dir/home/p7810456/pico-sdk/src/rp2_common/pico_divider/divider.S.obj
                0x100039d0                div_s64s64
                0x100039d0                divmod_s64s64
                0x100039d0                __wrap___aeabi_ldivmod
                0x10003a00                div_u64u64
                0x10003a00                divmod_u64u64
                0x10003a00                __wrap___aeabi_uldivmod
                0x10003a10                divmod_u64u64_savestate
                0x10003a30                divmod_s64s64_unsafe
                0x10003ab8                divmod_u64u64_unsafe
 .text.__wrap___aeabi_darithmetic
                0x10003df4       0x80 CMakeFiles/p78_nrf.dir/home/p7810456/pico-sdk/src/rp2_common/pico_double/double_aeabi.S.obj
                0x10003df4                __wrap___aeabi_drsub
                0x10003dfa                __wrap___aeabi_dsub
                0x10003e0c                __wrap___aeabi_dadd
                0x10003e1e                __wrap___aeabi_ddiv
                0x10003e5a                __wrap___aeabi_dmul
 .text.__wrap___aeabi_cdcmple
                0x10003e74       0x6c CMakeFiles/p78_nrf.dir/home/p7810456/pico-sdk/src/rp2_common/pico_double/double_aeabi.S.obj
                0x10003e74                __wrap___aeabi_cdrcmple
                0x10003e84                __wrap___aeabi_cdcmple
                0x10003e84                __wrap___aeabi_cdcmpeq
 .text.__wrap___aeabi_dcmplt
                0x10003ee0        0xc CMakeFiles/p78_nrf.dir/home/p7810456/pico-sdk/src/rp2_common/pico_double/double_aeabi.S.obj
                0x10003ee0                __wrap___aeabi_dcmplt
 .text.__wrap___aeabi_dcmpge
                0x10003eec       0x10 CMakeFiles/p78_nrf.dir/home/p7810456/pico-sdk/src/rp2_common/pico_double/double_aeabi.S.obj
                0x10003eec                __wrap___aeabi_dcmpge
 .text.__wrap___aeabi_dcmpgt
                0x10003efc        0xa CMakeFiles/p78_nrf.dir/home/p7810456/pico-sdk/src/rp2_common/pico_double/double_aeabi.S.obj
                0x10003efc                __wrap___aeabi_dcmpgt
 .text.__wrap___aeabi_dcmpun
                0x10003f06       0x1c CMakeFiles/p78_nrf.dir/home/p7810456/pico-sdk/src/rp2_common/pico_double/double_aeabi.S.obj
                0x10003f06                __wrap___aeabi_dcmpun
 *fill*         0x10003f22        0x2 
 .text.__wrap___aeabi_i2d
                0x10003f24       0x38 CMakeFiles/p78_nrf.dir/home/p7810456/pico-sdk/src/rp2_common/pico_double/double_aeabi.S.obj
                0x10003f24                __wrap___aeabi_ui2d
                0x10003f2c                __wrap___aeabi_i2d
 .text.__wrap___aeabi_d2iz
                0x10003f5c       0x48 CMakeFiles/p78_nrf.dir/home/p7810456/pico-sdk/src/rp2_common/pico_double/double_aeabi.S.obj
                0x10003f5c                __wrap___aeabi_d2iz
                0x10003f5c                double2int_z
 .text.__wrap___aeabi_d2uiz
                0x10003fa4       0x18 CMakeFiles/p78_nrf.dir/home/p7810456/pico-sdk/src/rp2_common/pico_double/double_aeabi.S.obj
                0x10003fa4                double2uint
                0x10003fa4                __wrap___aeabi_d2uiz
 .text.__aeabi_double_init
                0x10003fbc       0x98 CMakeFiles/p78_nrf.dir/home/p7810456/pico-sdk/src/rp2_common/pico_double/double_init_rom.c.obj
                0x10003fbc                __aeabi_double_init
 .text.double_table_shim_on_use_helper
                0x10004054       0x2c CMakeFiles/p78_nrf.dir/home/p7810456/pico-sdk/src/rp2_common/pico_double/double_v1_rom_shim.S.obj
                0x10004054                double_table_shim_on_use_helper
 .text.__wrap___aeabi_dsub
                0x10004080       0x10 CMakeFiles/p78_nrf.dir/home/p7810456/pico-sdk/src/rp2_common/pico_double/double_v1_rom_shim.S.obj
                0x10004080                drsub_shim
                0x10004086                dsub_shim
 .text.dadd_shim
                0x10004090      0x15c CMakeFiles/p78_nrf.dir/home/p7810456/pico-sdk/src/rp2_common/pico_double/double_v1_rom_shim.S.obj
                0x10004090                dadd_shim
 .text.dmul_shim
                0x100041ec      0x15c CMakeFiles/p78_nrf.dir/home/p7810456/pico-sdk/src/rp2_common/pico_double/double_v1_rom_shim.S.obj
                0x100041ec                dmul_shim
 .text.ddiv_shim
                0x10004348      0x1b0 CMakeFiles/p78_nrf.dir/home/p7810456/pico-sdk/src/rp2_common/pico_double/double_v1_rom_shim.S.obj
                0x10004348                ddiv_shim
 .text.double2uint_shim
                0x100044f8        0xe CMakeFiles/p78_nrf.dir/home/p7810456/pico-sdk/src/rp2_common/pico_double/double_v1_rom_shim.S.obj
                0x100044f8                double2uint_shim
                0x100044fa                double2ufix_shim
 *fill*         0x10004506        0x2 
 .text.double2uint64_shim
                0x10004508       0x70 CMakeFiles/p78_nrf.dir/home/p7810456/pico-sdk/src/rp2_common/pico_double/double_v1_rom_shim.S.obj
                0x10004508                double2uint64_shim
                0x1000450a                double2ufix64_shim
                0x1000452a                d2fix_a
 .text.dunpacks
                0x10004578       0x3c CMakeFiles/p78_nrf.dir/home/p7810456/pico-sdk/src/rp2_common/pico_double/double_v1_rom_shim.S.obj
                0x10004578                dunpacks
 .text.__aeabi_lmul
                0x100045b4       0x32 CMakeFiles/p78_nrf.dir/home/p7810456/pico-sdk/src/rp2_common/pico_int64_ops/pico_int64_ops_aeabi.S.obj
                0x100045b4                __wrap___aeabi_lmul
 *fill*         0x100045e6        0x2 
 .text.__aeabi_float_init
                0x100045e8       0x64 CMakeFiles/p78_nrf.dir/home/p7810456/pico-sdk/src/rp2_common/pico_float/float_init_rom.c.obj
                0x100045e8                __aeabi_float_init
 .text.float_table_shim_on_use_helper
                0x1000464c       0x2c CMakeFiles/p78_nrf.dir/home/p7810456/pico-sdk/src/rp2_common/pico_float/float_v1_rom_shim.S.obj
                0x1000464c                float_table_shim_on_use_helper
 .text          0x10004678       0x10 CMakeFiles/p78_nrf.dir/home/p7810456/pico-sdk/src/rp2_common/pico_mem_ops/mem_ops_aeabi.S.obj
                0x10004678                __aeabi_mem_init
 .text.memset   0x10004688        0xc CMakeFiles/p78_nrf.dir/home/p7810456/pico-sdk/src/rp2_common/pico_mem_ops/mem_ops_aeabi.S.obj
                0x10004688                __wrap_memset
 .text.memcpy   0x10004694        0xc CMakeFiles/p78_nrf.dir/home/p7810456/pico-sdk/src/rp2_common/pico_mem_ops/mem_ops_aeabi.S.obj
                0x10004694                __wrap___aeabi_memcpy
                0x10004694                __wrap_memcpy
 .text.stdio_out_chars_crlf
                0x100046a0       0x94 CMakeFiles/p78_nrf.dir/home/p7810456/pico-sdk/src/rp2_common/pico_stdio/stdio.c.obj
 .text.stdio_buffered_printer
                0x10004734       0x64 CMakeFiles/p78_nrf.dir/home/p7810456/pico-sdk/src/rp2_common/pico_stdio/stdio.c.obj
 .text.__wrap_putchar
                0x10004798       0x98 CMakeFiles/p78_nrf.dir/home/p7810456/pico-sdk/src/rp2_common/pico_stdio/stdio.c.obj
                0x10004798                __wrap_putchar
 .text.__wrap_puts
                0x10004830       0xe0 CMakeFiles/p78_nrf.dir/home/p7810456/pico-sdk/src/rp2_common/pico_stdio/stdio.c.obj
                0x10004830                __wrap_puts
 .text.stdio_set_driver_enabled
                0x10004910       0x30 CMakeFiles/p78_nrf.dir/home/p7810456/pico-sdk/src/rp2_common/pico_stdio/stdio.c.obj
                0x10004910                stdio_set_driver_enabled
 .text.__wrap_vprintf
                0x10004940       0xd4 CMakeFiles/p78_nrf.dir/home/p7810456/pico-sdk/src/rp2_common/pico_stdio/stdio.c.obj
                0x10004940                __wrap_vprintf
 .text.__wrap_printf
                0x10004a14       0x18 CMakeFiles/p78_nrf.dir/home/p7810456/pico-sdk/src/rp2_common/pico_stdio/stdio.c.obj
                0x10004a14                __wrap_printf
 .text.stdio_init_all
                0x10004a2c       0x10 CMakeFiles/p78_nrf.dir/home/p7810456/pico-sdk/src/rp2_common/pico_stdio/stdio.c.obj
                0x10004a2c                stdio_init_all
 .text.stdio_uart_out_chars
                0x10004a3c       0x4c CMakeFiles/p78_nrf.dir/home/p7810456/pico-sdk/src/rp2_common/pico_stdio_uart/stdio_uart.c.obj
 .text.stdio_uart_in_chars
                0x10004a88       0x90 CMakeFiles/p78_nrf.dir/home/p7810456/pico-sdk/src/rp2_common/pico_stdio_uart/stdio_uart.c.obj
                0x10004a88                stdio_uart_in_chars
 .text.on_uart_rx
                0x10004b18       0x28 CMakeFiles/p78_nrf.dir/home/p7810456/pico-sdk/src/rp2_common/pico_stdio_uart/stdio_uart.c.obj
 .text.stdio_uart_set_chars_available_callback
                0x10004b40       0x8c CMakeFiles/p78_nrf.dir/home/p7810456/pico-sdk/src/rp2_common/pico_stdio_uart/stdio_uart.c.obj
 .text.stdio_uart_init
                0x10004bcc       0x48 CMakeFiles/p78_nrf.dir/home/p7810456/pico-sdk/src/rp2_common/pico_stdio_uart/stdio_uart.c.obj
                0x10004bcc                stdio_uart_init
 .text.resetd_init
                0x10004c14        0x4 CMakeFiles/p78_nrf.dir/home/p7810456/pico-sdk/src/rp2_common/pico_stdio_usb/reset_interface.c.obj
 .text.resetd_reset
                0x10004c18        0xc CMakeFiles/p78_nrf.dir/home/p7810456/pico-sdk/src/rp2_common/pico_stdio_usb/reset_interface.c.obj
 .text.resetd_open
                0x10004c24       0x28 CMakeFiles/p78_nrf.dir/home/p7810456/pico-sdk/src/rp2_common/pico_stdio_usb/reset_interface.c.obj
 .text.resetd_xfer_cb
                0x10004c4c        0x4 CMakeFiles/p78_nrf.dir/home/p7810456/pico-sdk/src/rp2_common/pico_stdio_usb/reset_interface.c.obj
 .text.resetd_control_xfer_cb
                0x10004c50       0x60 CMakeFiles/p78_nrf.dir/home/p7810456/pico-sdk/src/rp2_common/pico_stdio_usb/reset_interface.c.obj
 .text.usbd_app_driver_get_cb
                0x10004cb0        0xc CMakeFiles/p78_nrf.dir/home/p7810456/pico-sdk/src/rp2_common/pico_stdio_usb/reset_interface.c.obj
                0x10004cb0                usbd_app_driver_get_cb
 .text.tud_cdc_line_coding_cb
                0x10004cbc       0x34 CMakeFiles/p78_nrf.dir/home/p7810456/pico-sdk/src/rp2_common/pico_stdio_usb/reset_interface.c.obj
                0x10004cbc                tud_cdc_line_coding_cb
 .text.stdio_usb_set_chars_available_callback
                0x10004cf0       0x14 CMakeFiles/p78_nrf.dir/home/p7810456/pico-sdk/src/rp2_common/pico_stdio_usb/stdio_usb.c.obj
                0x10004cf0                stdio_usb_set_chars_available_callback
 .text.usb_irq  0x10004d04       0x10 CMakeFiles/p78_nrf.dir/home/p7810456/pico-sdk/src/rp2_common/pico_stdio_usb/stdio_usb.c.obj
 .text.timer_task
                0x10004d14       0x54 CMakeFiles/p78_nrf.dir/home/p7810456/pico-sdk/src/rp2_common/pico_stdio_usb/stdio_usb.c.obj
 .text.stdio_usb_in_chars
                0x10004d68       0x90 CMakeFiles/p78_nrf.dir/home/p7810456/pico-sdk/src/rp2_common/pico_stdio_usb/stdio_usb.c.obj
                0x10004d68                stdio_usb_in_chars
 .text.stdio_usb_out_chars
                0x10004df8      0x104 CMakeFiles/p78_nrf.dir/home/p7810456/pico-sdk/src/rp2_common/pico_stdio_usb/stdio_usb.c.obj
 .text.low_priority_worker_irq
                0x10004efc       0xa8 CMakeFiles/p78_nrf.dir/home/p7810456/pico-sdk/src/rp2_common/pico_stdio_usb/stdio_usb.c.obj
 .text.tud_cdc_rx_cb
                0x10004fa4       0x20 CMakeFiles/p78_nrf.dir/home/p7810456/pico-sdk/src/rp2_common/pico_stdio_usb/stdio_usb.c.obj
                0x10004fa4                tud_cdc_rx_cb
 .text.stdio_usb_init
                0x10004fc4       0xe0 CMakeFiles/p78_nrf.dir/home/p7810456/pico-sdk/src/rp2_common/pico_stdio_usb/stdio_usb.c.obj
                0x10004fc4                stdio_usb_init
 .text.tud_descriptor_device_cb
                0x100050a4        0x8 CMakeFiles/p78_nrf.dir/home/p7810456/pico-sdk/src/rp2_common/pico_stdio_usb/stdio_usb_descriptors.c.obj
                0x100050a4                tud_descriptor_device_cb
 .text.tud_descriptor_configuration_cb
                0x100050ac        0x8 CMakeFiles/p78_nrf.dir/home/p7810456/pico-sdk/src/rp2_common/pico_stdio_usb/stdio_usb_descriptors.c.obj
                0x100050ac                tud_descriptor_configuration_cb
 .text.tud_descriptor_string_cb
                0x100050b4       0x78 CMakeFiles/p78_nrf.dir/home/p7810456/pico-sdk/src/rp2_common/pico_stdio_usb/stdio_usb_descriptors.c.obj
                0x100050b4                tud_descriptor_string_cb
 .text.startup._retrieve_unique_id_on_boot
                0x1000512c       0x10 CMakeFiles/p78_nrf.dir/home/p7810456/pico-sdk/src/rp2_common/pico_unique_id/unique_id.c.obj
 .text.pico_get_unique_board_id_string
                0x1000513c      0x1a8 CMakeFiles/p78_nrf.dir/home/p7810456/pico-sdk/src/rp2_common/pico_unique_id/unique_id.c.obj
                0x1000513c                pico_get_unique_board_id_string
 .text.flash_get_unique_id
                0x100052e4       0x40 CMakeFiles/p78_nrf.dir/home/p7810456/pico-sdk/src/rp2_common/hardware_flash/flash.c.obj
                0x100052e4                flash_get_unique_id
 .text.dcd_int_enable
                0x10005324        0xc CMakeFiles/p78_nrf.dir/home/p7810456/pico-sdk/lib/tinyusb/src/portable/raspberrypi/rp2040/dcd_rp2040.c.obj
                0x10005324                dcd_int_enable
 .text.dcd_set_address
                0x10005330       0x14 CMakeFiles/p78_nrf.dir/home/p7810456/pico-sdk/lib/tinyusb/src/portable/raspberrypi/rp2040/dcd_rp2040.c.obj
                0x10005330                dcd_set_address
 .text.dcd_connect
                0x10005344       0x10 CMakeFiles/p78_nrf.dir/home/p7810456/pico-sdk/lib/tinyusb/src/portable/raspberrypi/rp2040/dcd_rp2040.c.obj
                0x10005344                dcd_connect
 .text.dcd_init
                0x10005354       0x98 CMakeFiles/p78_nrf.dir/home/p7810456/pico-sdk/lib/tinyusb/src/portable/raspberrypi/rp2040/dcd_rp2040.c.obj
                0x10005354                dcd_init
 .text.dcd_edpt0_status_complete
                0x100053ec       0x1c CMakeFiles/p78_nrf.dir/home/p7810456/pico-sdk/lib/tinyusb/src/portable/raspberrypi/rp2040/dcd_rp2040.c.obj
                0x100053ec                dcd_edpt0_status_complete
 .text.dcd_edpt_open
                0x10005408      0x108 CMakeFiles/p78_nrf.dir/home/p7810456/pico-sdk/lib/tinyusb/src/portable/raspberrypi/rp2040/dcd_rp2040.c.obj
                0x10005408                dcd_edpt_open
 .text.dcd_edpt_close_all
                0x10005510        0x8 CMakeFiles/p78_nrf.dir/home/p7810456/pico-sdk/lib/tinyusb/src/portable/raspberrypi/rp2040/dcd_rp2040.c.obj
                0x10005510                dcd_edpt_close_all
 .text.dcd_edpt_xfer
                0x10005518       0x24 CMakeFiles/p78_nrf.dir/home/p7810456/pico-sdk/lib/tinyusb/src/portable/raspberrypi/rp2040/dcd_rp2040.c.obj
                0x10005518                dcd_edpt_xfer
 .text.dcd_edpt_stall
                0x1000553c       0x34 CMakeFiles/p78_nrf.dir/home/p7810456/pico-sdk/lib/tinyusb/src/portable/raspberrypi/rp2040/dcd_rp2040.c.obj
                0x1000553c                dcd_edpt_stall
 .text.dcd_edpt_clear_stall
                0x10005570       0x30 CMakeFiles/p78_nrf.dir/home/p7810456/pico-sdk/lib/tinyusb/src/portable/raspberrypi/rp2040/dcd_rp2040.c.obj
                0x10005570                dcd_edpt_clear_stall
 .text.rp2040_usb_init
                0x100055a0       0x4c CMakeFiles/p78_nrf.dir/home/p7810456/pico-sdk/lib/tinyusb/src/portable/raspberrypi/rp2040/rp2040_usb.c.obj
                0x100055a0                rp2040_usb_init
 .text.hw_endpoint_xfer_start
                0x100055ec       0x40 CMakeFiles/p78_nrf.dir/home/p7810456/pico-sdk/lib/tinyusb/src/portable/raspberrypi/rp2040/rp2040_usb.c.obj
                0x100055ec                hw_endpoint_xfer_start
 .text.tud_mounted
                0x1000562c       0x10 CMakeFiles/p78_nrf.dir/home/p7810456/pico-sdk/lib/tinyusb/src/device/usbd.c.obj
                0x1000562c                tud_mounted
 .text.tud_suspended
                0x1000563c       0x10 CMakeFiles/p78_nrf.dir/home/p7810456/pico-sdk/lib/tinyusb/src/device/usbd.c.obj
                0x1000563c                tud_suspended
 .text.tud_inited
                0x1000564c       0x14 CMakeFiles/p78_nrf.dir/home/p7810456/pico-sdk/lib/tinyusb/src/device/usbd.c.obj
                0x1000564c                tud_inited
 .text.tud_init
                0x10005660       0xd8 CMakeFiles/p78_nrf.dir/home/p7810456/pico-sdk/lib/tinyusb/src/device/usbd.c.obj
                0x10005660                tud_init
 .text.tud_task_ext
                0x10005738      0x8a0 CMakeFiles/p78_nrf.dir/home/p7810456/pico-sdk/lib/tinyusb/src/device/usbd.c.obj
                0x10005738                tud_task_ext
 .text.usbd_open_edpt_pair
                0x10005fd8       0x9c CMakeFiles/p78_nrf.dir/home/p7810456/pico-sdk/lib/tinyusb/src/device/usbd.c.obj
                0x10005fd8                usbd_open_edpt_pair
 .text.usbd_defer_func
                0x10006074       0x48 CMakeFiles/p78_nrf.dir/home/p7810456/pico-sdk/lib/tinyusb/src/device/usbd.c.obj
                0x10006074                usbd_defer_func
 .text.usbd_edpt_open
                0x100060bc       0x34 CMakeFiles/p78_nrf.dir/home/p7810456/pico-sdk/lib/tinyusb/src/device/usbd.c.obj
                0x100060bc                usbd_edpt_open
 .text.usbd_edpt_claim
                0x100060f0       0x28 CMakeFiles/p78_nrf.dir/home/p7810456/pico-sdk/lib/tinyusb/src/device/usbd.c.obj
                0x100060f0                usbd_edpt_claim
 .text.usbd_edpt_release
                0x10006118       0x28 CMakeFiles/p78_nrf.dir/home/p7810456/pico-sdk/lib/tinyusb/src/device/usbd.c.obj
                0x10006118                usbd_edpt_release
 .text.usbd_edpt_xfer
                0x10006140       0x4c CMakeFiles/p78_nrf.dir/home/p7810456/pico-sdk/lib/tinyusb/src/device/usbd.c.obj
                0x10006140                usbd_edpt_xfer
 .text.tud_control_status
                0x1000618c       0x2c CMakeFiles/p78_nrf.dir/home/p7810456/pico-sdk/lib/tinyusb/src/device/usbd_control.c.obj
                0x1000618c                tud_control_status
 .text.tud_control_xfer
                0x100061b8       0xac CMakeFiles/p78_nrf.dir/home/p7810456/pico-sdk/lib/tinyusb/src/device/usbd_control.c.obj
                0x100061b8                tud_control_xfer
 .text.usbd_control_reset
                0x10006264       0x14 CMakeFiles/p78_nrf.dir/home/p7810456/pico-sdk/lib/tinyusb/src/device/usbd_control.c.obj
                0x10006264                usbd_control_reset
 .text.usbd_control_set_complete_callback
                0x10006278        0xc CMakeFiles/p78_nrf.dir/home/p7810456/pico-sdk/lib/tinyusb/src/device/usbd_control.c.obj
                0x10006278                usbd_control_set_complete_callback
 .text.usbd_control_set_request
                0x10006284       0x1c CMakeFiles/p78_nrf.dir/home/p7810456/pico-sdk/lib/tinyusb/src/device/usbd_control.c.obj
                0x10006284                usbd_control_set_request
 .text.usbd_control_xfer_cb
                0x100062a0       0xf4 CMakeFiles/p78_nrf.dir/home/p7810456/pico-sdk/lib/tinyusb/src/device/usbd_control.c.obj
                0x100062a0                usbd_control_xfer_cb
 .text.tud_cdc_n_connected
                0x10006394       0x30 CMakeFiles/p78_nrf.dir/home/p7810456/pico-sdk/lib/tinyusb/src/class/cdc/cdc_device.c.obj
                0x10006394                tud_cdc_n_connected
 .text.tud_cdc_n_available
                0x100063c4       0x18 CMakeFiles/p78_nrf.dir/home/p7810456/pico-sdk/lib/tinyusb/src/class/cdc/cdc_device.c.obj
                0x100063c4                tud_cdc_n_available
 .text.tud_cdc_n_read
                0x100063dc       0x70 CMakeFiles/p78_nrf.dir/home/p7810456/pico-sdk/lib/tinyusb/src/class/cdc/cdc_device.c.obj
                0x100063dc                tud_cdc_n_read
 .text.tud_cdc_n_write_flush
                0x1000644c       0x78 CMakeFiles/p78_nrf.dir/home/p7810456/pico-sdk/lib/tinyusb/src/class/cdc/cdc_device.c.obj
                0x1000644c                tud_cdc_n_write_flush
 .text.tud_cdc_n_write
                0x100064c4       0x34 CMakeFiles/p78_nrf.dir/home/p7810456/pico-sdk/lib/tinyusb/src/class/cdc/cdc_device.c.obj
                0x100064c4                tud_cdc_n_write
 .text.tud_cdc_n_write_available
                0x100064f8       0x18 CMakeFiles/p78_nrf.dir/home/p7810456/pico-sdk/lib/tinyusb/src/class/cdc/cdc_device.c.obj
                0x100064f8                tud_cdc_n_write_available
 .text.cdcd_init
                0x10006510       0x7c CMakeFiles/p78_nrf.dir/home/p7810456/pico-sdk/lib/tinyusb/src/class/cdc/cdc_device.c.obj
                0x10006510                cdcd_init
 .text.cdcd_reset
                0x1000658c       0x2c CMakeFiles/p78_nrf.dir/home/p7810456/pico-sdk/lib/tinyusb/src/class/cdc/cdc_device.c.obj
                0x1000658c                cdcd_reset
 .text.cdcd_open
                0x100065b8       0xe4 CMakeFiles/p78_nrf.dir/home/p7810456/pico-sdk/lib/tinyusb/src/class/cdc/cdc_device.c.obj
                0x100065b8                cdcd_open
 .text.cdcd_control_xfer_cb
                0x1000669c       0xe4 CMakeFiles/p78_nrf.dir/home/p7810456/pico-sdk/lib/tinyusb/src/class/cdc/cdc_device.c.obj
                0x1000669c                cdcd_control_xfer_cb
 .text.cdcd_xfer_cb
                0x10006780      0x13c CMakeFiles/p78_nrf.dir/home/p7810456/pico-sdk/lib/tinyusb/src/class/cdc/cdc_device.c.obj
                0x10006780                cdcd_xfer_cb
 .text.tusb_init
                0x100068bc        0xc CMakeFiles/p78_nrf.dir/home/p7810456/pico-sdk/lib/tinyusb/src/tusb.c.obj
                0x100068bc                tusb_init
 .text.tusb_inited
                0x100068c8        0x8 CMakeFiles/p78_nrf.dir/home/p7810456/pico-sdk/lib/tinyusb/src/tusb.c.obj
                0x100068c8                tusb_inited
 .text.tu_edpt_claim
                0x100068d0       0x50 CMakeFiles/p78_nrf.dir/home/p7810456/pico-sdk/lib/tinyusb/src/tusb.c.obj
                0x100068d0                tu_edpt_claim
 .text.tu_edpt_release
                0x10006920       0x38 CMakeFiles/p78_nrf.dir/home/p7810456/pico-sdk/lib/tinyusb/src/tusb.c.obj
                0x10006920                tu_edpt_release
 .text.tu_edpt_validate
                0x10006958       0x7c CMakeFiles/p78_nrf.dir/home/p7810456/pico-sdk/lib/tinyusb/src/tusb.c.obj
                0x10006958                tu_edpt_validate
 .text.tu_edpt_bind_driver
                0x100069d4       0x34 CMakeFiles/p78_nrf.dir/home/p7810456/pico-sdk/lib/tinyusb/src/tusb.c.obj
                0x100069d4                tu_edpt_bind_driver
 .text.tu_fifo_config
                0x10006a08       0x6c CMakeFiles/p78_nrf.dir/home/p7810456/pico-sdk/lib/tinyusb/src/common/tusb_fifo.c.obj
                0x10006a08                tu_fifo_config
 .text.tu_fifo_count
                0x10006a74       0x2c CMakeFiles/p78_nrf.dir/home/p7810456/pico-sdk/lib/tinyusb/src/common/tusb_fifo.c.obj
                0x10006a74                tu_fifo_count
 .text.tu_fifo_empty
                0x10006aa0       0x10 CMakeFiles/p78_nrf.dir/home/p7810456/pico-sdk/lib/tinyusb/src/common/tusb_fifo.c.obj
                0x10006aa0                tu_fifo_empty
 .text.tu_fifo_remaining
                0x10006ab0       0x2c CMakeFiles/p78_nrf.dir/home/p7810456/pico-sdk/lib/tinyusb/src/common/tusb_fifo.c.obj
                0x10006ab0                tu_fifo_remaining
 .text.tu_fifo_read
                0x10006adc       0x9c CMakeFiles/p78_nrf.dir/home/p7810456/pico-sdk/lib/tinyusb/src/common/tusb_fifo.c.obj
                0x10006adc                tu_fifo_read
 .text.tu_fifo_read_n
                0x10006b78       0xe8 CMakeFiles/p78_nrf.dir/home/p7810456/pico-sdk/lib/tinyusb/src/common/tusb_fifo.c.obj
                0x10006b78                tu_fifo_read_n
 .text.tu_fifo_write
                0x10006c60       0x88 CMakeFiles/p78_nrf.dir/home/p7810456/pico-sdk/lib/tinyusb/src/common/tusb_fifo.c.obj
                0x10006c60                tu_fifo_write
 .text.tu_fifo_write_n
                0x10006ce8      0x178 CMakeFiles/p78_nrf.dir/home/p7810456/pico-sdk/lib/tinyusb/src/common/tusb_fifo.c.obj
                0x10006ce8                tu_fifo_write_n
 .text.tu_fifo_clear
                0x10006e60       0x40 CMakeFiles/p78_nrf.dir/home/p7810456/pico-sdk/lib/tinyusb/src/common/tusb_fifo.c.obj
                0x10006e60                tu_fifo_clear
 .text.tu_fifo_set_overwritable
                0x10006ea0       0x48 CMakeFiles/p78_nrf.dir/home/p7810456/pico-sdk/lib/tinyusb/src/common/tusb_fifo.c.obj
                0x10006ea0                tu_fifo_set_overwritable
 .text.spi_init
                0x10006ee8       0xf0 CMakeFiles/p78_nrf.dir/home/p7810456/pico-sdk/src/rp2_common/hardware_spi/spi.c.obj
                0x10006ee8                spi_init
 .text.strlen   0x10006fd8       0x5c /home/p7810456/arm-gnu-toolchain-12.2.mpacbti-rel1-x86_64-arm-none-eabi/bin/../lib/gcc/arm-none-eabi/12.2.1/../../../../arm-none-eabi/lib/thumb/v6-m/nofp/libc.a(libc_a-strlen-stub.o)
                0x10006fd8                strlen
 *(.fini)
 .fini          0x10007034        0x4 /home/p7810456/arm-gnu-toolchain-12.2.mpacbti-rel1-x86_64-arm-none-eabi/bin/../lib/gcc/arm-none-eabi/12.2.1/thumb/v6-m/nofp/crti.o
                0x10007034                _fini
 .fini.__stub   0x10007038       0xf0 linker stubs
 *crtbegin.o(.ctors)
 *crtbegin?.o(.ctors)
 *(EXCLUDE_FILE(*crtend.o *crtend?.o) .ctors)
 *(SORT_BY_NAME(.ctors.*))
 *(.ctors)
 *crtbegin.o(.dtors)
 *crtbegin?.o(.dtors)
 *(EXCLUDE_FILE(*crtend.o *crtend?.o) .dtors)
 *(SORT_BY_NAME(.dtors.*))
 *(.dtors)
 *(.eh_frame*)
 .eh_frame      0x10007128        0x0 /home/p7810456/arm-gnu-toolchain-12.2.mpacbti-rel1-x86_64-arm-none-eabi/bin/../lib/gcc/arm-none-eabi/12.2.1/thumb/v6-m/nofp/crtbegin.o
                0x10007128                        . = ALIGN (0x4)

.glue_7         0x10007128        0x0
 .glue_7        0x10007128        0x0 linker stubs

.glue_7t        0x10007128        0x0
 .glue_7t       0x10007128        0x0 linker stubs

.vfp11_veneer   0x10007128        0x0
 .vfp11_veneer  0x10007128        0x0 linker stubs

.v4_bx          0x10007128        0x0
 .v4_bx         0x10007128        0x0 linker stubs

.iplt           0x10007128        0x0
 .iplt          0x10007128        0x0 /home/p7810456/arm-gnu-toolchain-12.2.mpacbti-rel1-x86_64-arm-none-eabi/bin/../lib/gcc/arm-none-eabi/12.2.1/thumb/v6-m/nofp/crtbegin.o

.rodata         0x10007128      0x548
 *(EXCLUDE_FILE(*libm.a: *libc.a:*lib_a-mem*.o *libgcc.a:) .rodata*)
 .rodata.main.str1.4
                0x10007128        0x9 CMakeFiles/p78_nrf.dir/main.c.obj
 *fill*         0x10007131        0x3 
 .rodata.nrf_config
                0x10007134        0xc CMakeFiles/p78_nrf.dir/main.c.obj
                0x10007134                nrf_config
 .rodata.nrf_pin_config
                0x10007140        0xc CMakeFiles/p78_nrf.dir/main.c.obj
                0x10007140                nrf_pin_config
 .rodata.spin_lock_claim_unused.str1.4
                0x1000714c       0x1b CMakeFiles/p78_nrf.dir/home/p7810456/pico-sdk/src/rp2_common/hardware_sync/sync.c.obj
 *fill*         0x10007167        0x1 
 .rodata.user_irq_claim_unused.str1.4
                0x10007168       0x1b CMakeFiles/p78_nrf.dir/home/p7810456/pico-sdk/src/rp2_common/hardware_irq/irq.c.obj
 *fill*         0x10007183        0x1 
 .rodata.hardware_alarm_claim.str1.4
                0x10007184       0x22 CMakeFiles/p78_nrf.dir/home/p7810456/pico-sdk/src/rp2_common/hardware_timer/timer.c.obj
 *fill*         0x100071a6        0x2 
 .rodata.panic.str1.4
                0x100071a8       0x12 CMakeFiles/p78_nrf.dir/home/p7810456/pico-sdk/src/rp2_common/pico_runtime/runtime.c.obj
 *fill*         0x100071ba        0x2 
 .rodata.hard_assertion_failure.str1.4
                0x100071bc        0xc CMakeFiles/p78_nrf.dir/home/p7810456/pico-sdk/src/rp2_common/pico_runtime/runtime.c.obj
 .rodata._ftoa.str1.4
                0x100071c8       0x15 CMakeFiles/p78_nrf.dir/home/p7810456/pico-sdk/src/rp2_common/pico_printf/printf.c.obj
 *fill*         0x100071dd        0x3 
 .rodata._vsnprintf
                0x100071e0      0x19c CMakeFiles/p78_nrf.dir/home/p7810456/pico-sdk/src/rp2_common/pico_printf/printf.c.obj
 *fill*         0x1000737c        0x4 
 .rodata.pow10.0
                0x10007380       0x50 CMakeFiles/p78_nrf.dir/home/p7810456/pico-sdk/src/rp2_common/pico_printf/printf.c.obj
 .rodata.str1.4
                0x100073d0       0x50 CMakeFiles/p78_nrf.dir/home/p7810456/pico-sdk/src/rp2_common/pico_standard_link/binary_info.c.obj
 .rodata.__bi_81
                0x10007420        0xc CMakeFiles/p78_nrf.dir/home/p7810456/pico-sdk/src/rp2_common/pico_standard_link/binary_info.c.obj
 .rodata.__bi_75
                0x1000742c        0xc CMakeFiles/p78_nrf.dir/home/p7810456/pico-sdk/src/rp2_common/pico_standard_link/binary_info.c.obj
 .rodata.__bi_44
                0x10007438        0xc CMakeFiles/p78_nrf.dir/home/p7810456/pico-sdk/src/rp2_common/pico_standard_link/binary_info.c.obj
 .rodata.crlf_str.0
                0x10007444        0x2 CMakeFiles/p78_nrf.dir/home/p7810456/pico-sdk/src/rp2_common/pico_stdio/stdio.c.obj
 *fill*         0x10007446        0x2 
 .rodata.str1.4
                0x10007448       0x2c CMakeFiles/p78_nrf.dir/home/p7810456/pico-sdk/src/rp2_common/pico_stdio_uart/stdio_uart.c.obj
 .rodata.__bi_33.4
                0x10007474        0xc CMakeFiles/p78_nrf.dir/home/p7810456/pico-sdk/src/rp2_common/pico_stdio_uart/stdio_uart.c.obj
 .rodata.__bi_34.5
                0x10007480        0x8 CMakeFiles/p78_nrf.dir/home/p7810456/pico-sdk/src/rp2_common/pico_stdio_uart/stdio_uart.c.obj
 .rodata._resetd_driver
                0x10007488       0x18 CMakeFiles/p78_nrf.dir/home/p7810456/pico-sdk/src/rp2_common/pico_stdio_usb/reset_interface.c.obj
 .rodata.str1.4
                0x100074a0       0x13 CMakeFiles/p78_nrf.dir/home/p7810456/pico-sdk/src/rp2_common/pico_stdio_usb/stdio_usb.c.obj
 *fill*         0x100074b3        0x1 
 .rodata.__bi_188.0
                0x100074b4        0xc CMakeFiles/p78_nrf.dir/home/p7810456/pico-sdk/src/rp2_common/pico_stdio_usb/stdio_usb.c.obj
 .rodata.str1.4
                0x100074c0       0x2a CMakeFiles/p78_nrf.dir/home/p7810456/pico-sdk/src/rp2_common/pico_stdio_usb/stdio_usb_descriptors.c.obj
 *fill*         0x100074ea        0x2 
 .rodata.usbd_desc_str
                0x100074ec       0x18 CMakeFiles/p78_nrf.dir/home/p7810456/pico-sdk/src/rp2_common/pico_stdio_usb/stdio_usb_descriptors.c.obj
 .rodata.usbd_desc_cfg
                0x10007504       0x54 CMakeFiles/p78_nrf.dir/home/p7810456/pico-sdk/src/rp2_common/pico_stdio_usb/stdio_usb_descriptors.c.obj
 .rodata.usbd_desc_device
                0x10007558       0x12 CMakeFiles/p78_nrf.dir/home/p7810456/pico-sdk/src/rp2_common/pico_stdio_usb/stdio_usb_descriptors.c.obj
 *fill*         0x1000756a        0x2 
 .rodata.str1.4
                0x1000756c       0x14 CMakeFiles/p78_nrf.dir/home/p7810456/pico-sdk/lib/tinyusb/src/portable/raspberrypi/rp2040/dcd_rp2040.c.obj
 .rodata.str1.4
                0x10007580       0x49 CMakeFiles/p78_nrf.dir/home/p7810456/pico-sdk/lib/tinyusb/src/portable/raspberrypi/rp2040/rp2040_usb.c.obj
                                 0x53 (size before relaxing)
 *fill*         0x100075c9        0x3 
 .rodata.tud_task_ext
                0x100075cc       0x8c CMakeFiles/p78_nrf.dir/home/p7810456/pico-sdk/lib/tinyusb/src/device/usbd.c.obj
 .rodata._usbd_driver
                0x10007658       0x18 CMakeFiles/p78_nrf.dir/home/p7810456/pico-sdk/lib/tinyusb/src/device/usbd.c.obj
                0x10007670                        . = ALIGN (0x4)
 *(SORT_BY_ALIGNMENT(SORT_BY_NAME(.flashdata*)))
                0x10007670                        . = ALIGN (0x4)

.rel.dyn        0x10007670        0x0
 .rel.iplt      0x10007670        0x0 /home/p7810456/arm-gnu-toolchain-12.2.mpacbti-rel1-x86_64-arm-none-eabi/bin/../lib/gcc/arm-none-eabi/12.2.1/thumb/v6-m/nofp/crtbegin.o

.ARM.extab
 *(.ARM.extab* .gnu.linkonce.armextab.*)
                0x10007670                        __exidx_start = .

.ARM.exidx
 *(.ARM.exidx* .gnu.linkonce.armexidx.*)
                0x10007670                        __exidx_end = .
                0x10007670                        . = ALIGN (0x4)
                0x10007670                        __binary_info_start = .

.binary_info    0x10007670       0x28
 *(.binary_info.keep.*)
 .binary_info.keep.__bi_ptr81
                0x10007670        0x4 CMakeFiles/p78_nrf.dir/home/p7810456/pico-sdk/src/rp2_common/pico_standard_link/binary_info.c.obj
 .binary_info.keep.__bi_ptr75
                0x10007674        0x4 CMakeFiles/p78_nrf.dir/home/p7810456/pico-sdk/src/rp2_common/pico_standard_link/binary_info.c.obj
 .binary_info.keep.__bi_ptr50
                0x10007678        0x4 CMakeFiles/p78_nrf.dir/home/p7810456/pico-sdk/src/rp2_common/pico_standard_link/binary_info.c.obj
 .binary_info.keep.__bi_ptr44
                0x1000767c        0x4 CMakeFiles/p78_nrf.dir/home/p7810456/pico-sdk/src/rp2_common/pico_standard_link/binary_info.c.obj
 .binary_info.keep.__bi_ptr38
                0x10007680        0x4 CMakeFiles/p78_nrf.dir/home/p7810456/pico-sdk/src/rp2_common/pico_standard_link/binary_info.c.obj
 .binary_info.keep.__bi_ptr30
                0x10007684        0x4 CMakeFiles/p78_nrf.dir/home/p7810456/pico-sdk/src/rp2_common/pico_standard_link/binary_info.c.obj
 .binary_info.keep.__bi_ptr22
                0x10007688        0x4 CMakeFiles/p78_nrf.dir/home/p7810456/pico-sdk/src/rp2_common/pico_standard_link/binary_info.c.obj
 *(.binary_info.*)
 .binary_info.__bi_ptr34
                0x1000768c        0x4 CMakeFiles/p78_nrf.dir/home/p7810456/pico-sdk/src/rp2_common/pico_stdio_uart/stdio_uart.c.obj
 .binary_info.__bi_ptr33
                0x10007690        0x4 CMakeFiles/p78_nrf.dir/home/p7810456/pico-sdk/src/rp2_common/pico_stdio_uart/stdio_uart.c.obj
 .binary_info.__bi_ptr188
                0x10007694        0x4 CMakeFiles/p78_nrf.dir/home/p7810456/pico-sdk/src/rp2_common/pico_stdio_usb/stdio_usb.c.obj
                0x10007698                        __binary_info_end = .
                0x10007698                        . = ALIGN (0x4)
                0x10007698                        __etext = .

.ram_vector_table
                0x20000000       0xc0
 *(.ram_vector_table)
 .ram_vector_table
                0x20000000       0xc0 CMakeFiles/p78_nrf.dir/home/p7810456/pico-sdk/src/rp2_common/pico_runtime/runtime.c.obj
                0x20000000                ram_vector_table

.data           0x200000c0      0xf68 load address 0x10007698
                0x200000c0                        __data_start__ = .
 *(vtable)
 *(.time_critical*)
 .time_critical.mutex_try_enter
                0x200000c0       0x40 CMakeFiles/p78_nrf.dir/home/p7810456/pico-sdk/src/common/pico_sync/mutex.c.obj
                0x200000c0                mutex_try_enter
 .time_critical.mutex_try_enter_block_until
                0x20000100       0x9c CMakeFiles/p78_nrf.dir/home/p7810456/pico-sdk/src/common/pico_sync/mutex.c.obj
                0x20000100                mutex_try_enter_block_until
 .time_critical.mutex_enter_timeout_ms
                0x2000019c       0x90 CMakeFiles/p78_nrf.dir/home/p7810456/pico-sdk/src/common/pico_sync/mutex.c.obj
                0x2000019c                mutex_enter_timeout_ms
 .time_critical.mutex_exit
                0x2000022c       0x28 CMakeFiles/p78_nrf.dir/home/p7810456/pico-sdk/src/common/pico_sync/mutex.c.obj
                0x2000022c                mutex_exit
 .time_critical.flash_init_boot2_copyout
                0x20000254       0x30 CMakeFiles/p78_nrf.dir/home/p7810456/pico-sdk/src/rp2_common/hardware_flash/flash.c.obj
 .time_critical.flash_enable_xip_via_boot2
                0x20000284        0xc CMakeFiles/p78_nrf.dir/home/p7810456/pico-sdk/src/rp2_common/hardware_flash/flash.c.obj
 .time_critical.flash_cs_force
                0x20000290       0x38 CMakeFiles/p78_nrf.dir/home/p7810456/pico-sdk/src/rp2_common/hardware_flash/flash.c.obj
 .time_critical.flash_do_cmd
                0x200002c8       0xc0 CMakeFiles/p78_nrf.dir/home/p7810456/pico-sdk/src/rp2_common/hardware_flash/flash.c.obj
                0x200002c8                flash_do_cmd
 .time_critical.reset_non_control_endpoints
                0x20000388       0x68 CMakeFiles/p78_nrf.dir/home/p7810456/pico-sdk/lib/tinyusb/src/portable/raspberrypi/rp2040/dcd_rp2040.c.obj
 .time_critical.hw_handle_buff_status
                0x200003f0       0xac CMakeFiles/p78_nrf.dir/home/p7810456/pico-sdk/lib/tinyusb/src/portable/raspberrypi/rp2040/dcd_rp2040.c.obj
 .time_critical.dcd_rp2040_irq
                0x2000049c      0x510 CMakeFiles/p78_nrf.dir/home/p7810456/pico-sdk/lib/tinyusb/src/portable/raspberrypi/rp2040/dcd_rp2040.c.obj
 .time_critical.e15_is_bulkin_ep
                0x200009ac       0x28 CMakeFiles/p78_nrf.dir/home/p7810456/pico-sdk/lib/tinyusb/src/portable/raspberrypi/rp2040/rp2040_usb.c.obj
 .time_critical.e15_is_critical_frame_period
                0x200009d4       0x34 CMakeFiles/p78_nrf.dir/home/p7810456/pico-sdk/lib/tinyusb/src/portable/raspberrypi/rp2040/rp2040_usb.c.obj
 .time_critical.prepare_ep_buffer
                0x20000a08       0x6c CMakeFiles/p78_nrf.dir/home/p7810456/pico-sdk/lib/tinyusb/src/portable/raspberrypi/rp2040/rp2040_usb.c.obj
 .time_critical.sync_ep_buffer
                0x20000a74       0x48 CMakeFiles/p78_nrf.dir/home/p7810456/pico-sdk/lib/tinyusb/src/portable/raspberrypi/rp2040/rp2040_usb.c.obj
 .time_critical._hw_endpoint_xfer_sync
                0x20000abc       0x28 CMakeFiles/p78_nrf.dir/home/p7810456/pico-sdk/lib/tinyusb/src/portable/raspberrypi/rp2040/rp2040_usb.c.obj
 .time_critical.hw_endpoint_reset_transfer
                0x20000ae4        0xc CMakeFiles/p78_nrf.dir/home/p7810456/pico-sdk/lib/tinyusb/src/portable/raspberrypi/rp2040/rp2040_usb.c.obj
                0x20000ae4                hw_endpoint_reset_transfer
 .time_critical._hw_endpoint_buffer_control_update32
                0x20000af0       0x58 CMakeFiles/p78_nrf.dir/home/p7810456/pico-sdk/lib/tinyusb/src/portable/raspberrypi/rp2040/rp2040_usb.c.obj
                0x20000af0                _hw_endpoint_buffer_control_update32
 .time_critical.hw_endpoint_start_next_buffer
                0x20000b48       0x6c CMakeFiles/p78_nrf.dir/home/p7810456/pico-sdk/lib/tinyusb/src/portable/raspberrypi/rp2040/rp2040_usb.c.obj
                0x20000b48                hw_endpoint_start_next_buffer
 .time_critical.hw_endpoint_xfer_continue
                0x20000bb4       0x50 CMakeFiles/p78_nrf.dir/home/p7810456/pico-sdk/lib/tinyusb/src/portable/raspberrypi/rp2040/rp2040_usb.c.obj
                0x20000bb4                hw_endpoint_xfer_continue
 .time_critical.tinyusb
                0x20000c04      0x170 CMakeFiles/p78_nrf.dir/home/p7810456/pico-sdk/lib/tinyusb/src/device/usbd.c.obj
                0x20000c04                dcd_event_handler
 .time_critical.spi_write_read_blocking
                0x20000d74       0x78 CMakeFiles/p78_nrf.dir/home/p7810456/pico-sdk/src/rp2_common/hardware_spi/spi.c.obj
                0x20000d74                spi_write_read_blocking
 .time_critical.spi_write_blocking
                0x20000dec       0x4c CMakeFiles/p78_nrf.dir/home/p7810456/pico-sdk/src/rp2_common/hardware_spi/spi.c.obj
                0x20000dec                spi_write_blocking
 .time_critical.spi_read_blocking
                0x20000e38       0x68 CMakeFiles/p78_nrf.dir/home/p7810456/pico-sdk/src/rp2_common/hardware_spi/spi.c.obj
                0x20000e38                spi_read_blocking
 *(.text*)
 .text          0x20000ea0        0x4 /home/p7810456/arm-gnu-toolchain-12.2.mpacbti-rel1-x86_64-arm-none-eabi/bin/../lib/gcc/arm-none-eabi/12.2.1/thumb/v6-m/nofp/libgcc.a(_dvmd_tls.o)
                0x20000ea0                __aeabi_ldiv0
                0x20000ea0                __aeabi_idiv0
 *fill*         0x20000ea4        0x4 
 .text.__stub   0x20000ea8       0x70 linker stubs
                0x20000f18                        . = ALIGN (0x4)
 *(.rodata*)
                0x20000f18                        . = ALIGN (0x4)
 *(.data*)
 .data.striped_spin_lock_num
                0x20000f18        0x1 CMakeFiles/p78_nrf.dir/home/p7810456/pico-sdk/src/rp2_common/hardware_sync/sync.c.obj
 *fill*         0x20000f19        0x3 
 .data          0x20000f1c       0x48 CMakeFiles/p78_nrf.dir/home/p7810456/pico-sdk/src/rp2_common/hardware_irq/irq_handler_chain.S.obj
                0x20000f1c                irq_handler_chain_slots
                0x20000f4c                irq_handler_chain_first_slot
                0x20000f56                irq_handler_chain_remove_tail
 .data.default_alarm_pool
                0x20000f64       0x18 CMakeFiles/p78_nrf.dir/home/p7810456/pico-sdk/src/common/pico_time/time.c.obj
 .data.default_alarm_pool_heap
                0x20000f7c       0x10 CMakeFiles/p78_nrf.dir/home/p7810456/pico-sdk/src/common/pico_time/time.c.obj
 *fill*         0x20000f8c        0x4 
 .data.aeabi_bits_funcs
                0x20000f90       0x10 CMakeFiles/p78_nrf.dir/home/p7810456/pico-sdk/src/rp2_common/pico_bit_ops/bit_ops_aeabi.S.obj
                0x20000f90                aeabi_bits_funcs
                0x20000fa0                aeabi_bits_funcs_end
 .data.aeabi_mem_funcs
                0x20000fa0       0x10 CMakeFiles/p78_nrf.dir/home/p7810456/pico-sdk/src/rp2_common/pico_mem_ops/mem_ops_aeabi.S.obj
                0x20000fa0                aeabi_mem_funcs
                0x20000fb0                aeabi_mem_funcs_end
 .data.stdio_uart
                0x20000fb0       0x18 CMakeFiles/p78_nrf.dir/home/p7810456/pico-sdk/src/rp2_common/pico_stdio_uart/stdio_uart.c.obj
                0x20000fb0                stdio_uart
 .data.stdio_usb
                0x20000fc8       0x18 CMakeFiles/p78_nrf.dir/home/p7810456/pico-sdk/src/rp2_common/pico_stdio_usb/stdio_usb.c.obj
                0x20000fc8                stdio_usb
 .data.ep_dir_string
                0x20000fe0        0x8 CMakeFiles/p78_nrf.dir/home/p7810456/pico-sdk/lib/tinyusb/src/portable/raspberrypi/rp2040/rp2040_usb.c.obj
                0x20000fe0                ep_dir_string
 .data._usbd_qdef
                0x20000fe8       0x1c CMakeFiles/p78_nrf.dir/home/p7810456/pico-sdk/lib/tinyusb/src/device/usbd.c.obj
                0x20000fe8                _usbd_qdef
 .data._usbd_rhport
                0x20001004        0x1 CMakeFiles/p78_nrf.dir/home/p7810456/pico-sdk/lib/tinyusb/src/device/usbd.c.obj
                0x20001008                        . = ALIGN (0x4)
 *fill*         0x20001005        0x3 
 *(.after_data.*)
                0x20001008                        . = ALIGN (0x4)
                0x20001008                        PROVIDE (__mutex_array_start = .)
 *(SORT_BY_NAME(.mutex_array.*))
 *(.mutex_array)
 .mutex_array   0x20001008        0x8 CMakeFiles/p78_nrf.dir/home/p7810456/pico-sdk/src/rp2_common/pico_stdio/stdio.c.obj
                0x20001010                        PROVIDE (__mutex_array_end = .)
                0x20001010                        . = ALIGN (0x4)
                0x20001010                        PROVIDE (__preinit_array_start = .)
 *(SORT_BY_NAME(.preinit_array.*))
 .preinit_array.00001
                0x20001010        0x4 CMakeFiles/p78_nrf.dir/home/p7810456/pico-sdk/src/rp2_common/pico_mem_ops/mem_ops_aeabi.S.obj
 .preinit_array.00010
                0x20001014        0x4 CMakeFiles/p78_nrf.dir/home/p7810456/pico-sdk/src/rp2_common/pico_bit_ops/bit_ops_aeabi.S.obj
 .preinit_array.00020
                0x20001018        0x4 CMakeFiles/p78_nrf.dir/home/p7810456/pico-sdk/src/rp2_common/pico_double/double_aeabi.S.obj
 .preinit_array.00020
                0x2000101c        0x4 CMakeFiles/p78_nrf.dir/home/p7810456/pico-sdk/src/rp2_common/pico_float/float_aeabi.S.obj
 *(.preinit_array)
                0x20001020                        PROVIDE (__preinit_array_end = .)
                0x20001020                        . = ALIGN (0x4)
                0x20001020                        PROVIDE (__init_array_start = .)
 *(SORT_BY_NAME(.init_array.*))
 *(.init_array)
 .init_array    0x20001020        0x4 /home/p7810456/arm-gnu-toolchain-12.2.mpacbti-rel1-x86_64-arm-none-eabi/bin/../lib/gcc/arm-none-eabi/12.2.1/thumb/v6-m/nofp/crtbegin.o
 .init_array    0x20001024        0x4 CMakeFiles/p78_nrf.dir/home/p7810456/pico-sdk/src/rp2_common/pico_unique_id/unique_id.c.obj
                0x20001028                        PROVIDE (__init_array_end = .)
                0x20001028                        . = ALIGN (0x4)
                [!provide]                        PROVIDE (__fini_array_start = .)
 *(SORT_BY_NAME(.fini_array.*))
 *(.fini_array)
                [!provide]                        PROVIDE (__fini_array_end = .)
 *(.jcr)
                0x20001028                        . = ALIGN (0x4)
                0x20001028                        __data_end__ = .

.tm_clone_table
                0x20001028        0x0 load address 0x10008600
 .tm_clone_table
                0x20001028        0x0 /home/p7810456/arm-gnu-toolchain-12.2.mpacbti-rel1-x86_64-arm-none-eabi/bin/../lib/gcc/arm-none-eabi/12.2.1/thumb/v6-m/nofp/crtbegin.o
 .tm_clone_table
                0x20001028        0x0 /home/p7810456/arm-gnu-toolchain-12.2.mpacbti-rel1-x86_64-arm-none-eabi/bin/../lib/gcc/arm-none-eabi/12.2.1/thumb/v6-m/nofp/crtend.o

.igot.plt       0x20001028        0x0 load address 0x10008600
 .igot.plt      0x20001028        0x0 /home/p7810456/arm-gnu-toolchain-12.2.mpacbti-rel1-x86_64-arm-none-eabi/bin/../lib/gcc/arm-none-eabi/12.2.1/thumb/v6-m/nofp/crtbegin.o

.uninitialized_data
                0x20001028        0x0 load address 0x10008600
                0x20001028                        . = ALIGN (0x4)
 *(.uninitialized_data*)

.scratch_x      0x20040000        0x0 load address 0x10008600
                0x20040000                        __scratch_x_start__ = .
 *(.scratch_x.*)
                0x20040000                        . = ALIGN (0x4)
                0x20040000                        __scratch_x_end__ = .
                0x10008600                        __scratch_x_source__ = LOADADDR (.scratch_x)

.scratch_y      0x20041000        0x0 load address 0x10008600
                0x20041000                        __scratch_y_start__ = .
 *(.scratch_y.*)
                0x20041000                        . = ALIGN (0x4)
                0x20041000                        __scratch_y_end__ = .
                0x10008600                        __scratch_y_source__ = LOADADDR (.scratch_y)

.bss            0x20001028      0xd98
                0x20001028                        . = ALIGN (0x4)
                0x20001028                        __bss_start__ = .
 *(SORT_BY_ALIGNMENT(SORT_BY_NAME(.bss*)))
 .bss.configured_freq
                0x20001028       0x28 CMakeFiles/p78_nrf.dir/home/p7810456/pico-sdk/src/rp2_common/hardware_clocks/clocks.c.obj
 .bss.default_alarm_pool_entries
                0x20001050      0x100 CMakeFiles/p78_nrf.dir/home/p7810456/pico-sdk/src/common/pico_time/time.c.obj
 .bss.last_avail_time.1
                0x20001150        0x8 CMakeFiles/p78_nrf.dir/home/p7810456/pico-sdk/src/rp2_common/pico_stdio_usb/stdio_usb.c.obj
 .bss.sd_table  0x20001158      0x100 CMakeFiles/p78_nrf.dir/home/p7810456/pico-sdk/src/rp2_common/pico_double/double_init_rom.c.obj
                0x20001158                sd_table
 .bss.sf_table  0x20001258      0x100 CMakeFiles/p78_nrf.dir/home/p7810456/pico-sdk/src/rp2_common/pico_float/float_init_rom.c.obj
                0x20001258                sf_table
 .bss._app_driver
                0x20001358        0x4 CMakeFiles/p78_nrf.dir/home/p7810456/pico-sdk/lib/tinyusb/src/device/usbd.c.obj
 .bss._cdcd_itf
                0x2000135c      0x2c8 CMakeFiles/p78_nrf.dir/home/p7810456/pico-sdk/lib/tinyusb/src/class/cdc/cdc_device.c.obj
 .bss._ctrl_xfer
                0x20001624       0x14 CMakeFiles/p78_nrf.dir/home/p7810456/pico-sdk/lib/tinyusb/src/device/usbd_control.c.obj
 .bss._ubsd_mutexdef
                0x20001638        0x8 CMakeFiles/p78_nrf.dir/home/p7810456/pico-sdk/lib/tinyusb/src/device/usbd.c.obj
 .bss._usbd_ctrl_buf
                0x20001640       0x40 CMakeFiles/p78_nrf.dir/home/p7810456/pico-sdk/lib/tinyusb/src/device/usbd_control.c.obj
 .bss._usbd_dev
                0x20001680       0x53 CMakeFiles/p78_nrf.dir/home/p7810456/pico-sdk/lib/tinyusb/src/device/usbd.c.obj
 *fill*         0x200016d3        0x1 
 .bss._usbd_mutex
                0x200016d4        0x4 CMakeFiles/p78_nrf.dir/home/p7810456/pico-sdk/lib/tinyusb/src/device/usbd.c.obj
 .bss._usbd_q   0x200016d8        0x4 CMakeFiles/p78_nrf.dir/home/p7810456/pico-sdk/lib/tinyusb/src/device/usbd.c.obj
 .bss._usbd_qdef_buf
                0x200016dc       0xc0 CMakeFiles/p78_nrf.dir/home/p7810456/pico-sdk/lib/tinyusb/src/device/usbd.c.obj
                0x200016dc                _usbd_qdef_buf
 .bss.alarm_callbacks
                0x2000179c       0x10 CMakeFiles/p78_nrf.dir/home/p7810456/pico-sdk/src/rp2_common/hardware_timer/timer.c.obj
 .bss.boot2_copyout
                0x200017ac      0x100 CMakeFiles/p78_nrf.dir/home/p7810456/pico-sdk/src/rp2_common/hardware_flash/flash.c.obj
 .bss.chars_available_callback
                0x200018ac        0x4 CMakeFiles/p78_nrf.dir/home/p7810456/pico-sdk/src/rp2_common/pico_stdio_uart/stdio_uart.c.obj
 .bss.chars_available_callback
                0x200018b0        0x4 CMakeFiles/p78_nrf.dir/home/p7810456/pico-sdk/src/rp2_common/pico_stdio_usb/stdio_usb.c.obj
 .bss.chars_available_param
                0x200018b4        0x4 CMakeFiles/p78_nrf.dir/home/p7810456/pico-sdk/src/rp2_common/pico_stdio_uart/stdio_uart.c.obj
 .bss.chars_available_param
                0x200018b8        0x4 CMakeFiles/p78_nrf.dir/home/p7810456/pico-sdk/src/rp2_common/pico_stdio_usb/stdio_usb.c.obj
 .bss.claimed   0x200018bc        0x4 CMakeFiles/p78_nrf.dir/home/p7810456/pico-sdk/src/rp2_common/hardware_sync/sync.c.obj
 .bss.default_alarm_pool_entry_ids_high
                0x200018c0       0x10 CMakeFiles/p78_nrf.dir/home/p7810456/pico-sdk/src/common/pico_time/time.c.obj
 .bss.default_alarm_pool_heap_nodes
                0x200018d0       0x30 CMakeFiles/p78_nrf.dir/home/p7810456/pico-sdk/src/common/pico_time/time.c.obj
 .bss.desc_str.0
                0x20001900       0x28 CMakeFiles/p78_nrf.dir/home/p7810456/pico-sdk/src/rp2_common/pico_stdio_usb/stdio_usb_descriptors.c.obj
 .bss.drivers   0x20001928        0x4 CMakeFiles/p78_nrf.dir/home/p7810456/pico-sdk/src/rp2_common/pico_stdio/stdio.c.obj
 .bss.e15_last_sof
                0x2000192c        0x4 CMakeFiles/p78_nrf.dir/home/p7810456/pico-sdk/lib/tinyusb/src/portable/raspberrypi/rp2040/rp2040_usb.c.obj
                0x2000192c                e15_last_sof
 .bss.filter    0x20001930        0x4 CMakeFiles/p78_nrf.dir/home/p7810456/pico-sdk/src/rp2_common/pico_stdio/stdio.c.obj
 .bss.hw_endpoints
                0x20001934      0x400 CMakeFiles/p78_nrf.dir/home/p7810456/pico-sdk/lib/tinyusb/src/portable/raspberrypi/rp2040/dcd_rp2040.c.obj
 .bss.lazy_vsnprintf
                0x20001d34        0x4 CMakeFiles/p78_nrf.dir/home/p7810456/pico-sdk/src/rp2_common/pico_printf/printf.c.obj
 .bss.load_value
                0x20001d38        0x4 CMakeFiles/p78_nrf.dir/home/p7810456/pico-sdk/src/rp2_common/hardware_watchdog/watchdog.c.obj
 .bss.next_buffer_ptr
                0x20001d3c        0x4 CMakeFiles/p78_nrf.dir/home/p7810456/pico-sdk/lib/tinyusb/src/portable/raspberrypi/rp2040/dcd_rp2040.c.obj
 .bss.nrf24_pin_config
                0x20001d40        0x4 CMakeFiles/p78_nrf.dir/home/p7810456/p78_testing/rpi-pico/nrf24_demos/p78_nrf24/nrf24l01.c.obj
 .bss.object.0  0x20001d44       0x18 /home/p7810456/arm-gnu-toolchain-12.2.mpacbti-rel1-x86_64-arm-none-eabi/bin/../lib/gcc/arm-none-eabi/12.2.1/thumb/v6-m/nofp/crtbegin.o
 .bss.one_shot_timer_crit_sec
                0x20001d5c        0x8 CMakeFiles/p78_nrf.dir/home/p7810456/pico-sdk/src/rp2_common/pico_stdio_usb/stdio_usb.c.obj
 .bss.pools     0x20001d64       0x10 CMakeFiles/p78_nrf.dir/home/p7810456/pico-sdk/src/common/pico_time/time.c.obj
 .bss.retrieved_id
                0x20001d74        0x8 CMakeFiles/p78_nrf.dir/home/p7810456/pico-sdk/src/rp2_common/pico_unique_id/unique_id.c.obj
 .bss.sf_clz_func
                0x20001d7c        0x4 CMakeFiles/p78_nrf.dir/home/p7810456/pico-sdk/src/rp2_common/pico_double/double_init_rom.c.obj
                0x20001d7c                sf_clz_func
 .bss.sleep_notifier
                0x20001d80        0x4 CMakeFiles/p78_nrf.dir/home/p7810456/pico-sdk/src/common/pico_time/time.c.obj
 .bss.stdio_usb_mutex
                0x20001d84        0x8 CMakeFiles/p78_nrf.dir/home/p7810456/pico-sdk/src/rp2_common/pico_stdio_usb/stdio_usb.c.obj
 .bss.target_hi
                0x20001d8c       0x10 CMakeFiles/p78_nrf.dir/home/p7810456/pico-sdk/src/rp2_common/hardware_timer/timer.c.obj
 .bss.uart_char_to_line_feed
                0x20001d9c        0x4 CMakeFiles/p78_nrf.dir/home/p7810456/pico-sdk/src/rp2_common/hardware_uart/uart.c.obj
                0x20001d9c                uart_char_to_line_feed
 .bss.uart_instance
                0x20001da0        0x4 CMakeFiles/p78_nrf.dir/home/p7810456/pico-sdk/src/rp2_common/pico_stdio_uart/stdio_uart.c.obj
 .bss.usbd_serial_str
                0x20001da4       0x11 CMakeFiles/p78_nrf.dir/home/p7810456/pico-sdk/src/rp2_common/pico_stdio_usb/stdio_usb_descriptors.c.obj
 .bss._app_driver_count
                0x20001db5        0x1 CMakeFiles/p78_nrf.dir/home/p7810456/pico-sdk/lib/tinyusb/src/device/usbd.c.obj
 .bss._sof_enable
                0x20001db6        0x1 CMakeFiles/p78_nrf.dir/home/p7810456/pico-sdk/lib/tinyusb/src/portable/raspberrypi/rp2040/dcd_rp2040.c.obj
 .bss.boot2_copyout_valid
                0x20001db7        0x1 CMakeFiles/p78_nrf.dir/home/p7810456/pico-sdk/src/rp2_common/hardware_flash/flash.c.obj
 .bss.claimed   0x20001db8        0x1 CMakeFiles/p78_nrf.dir/home/p7810456/pico-sdk/src/rp2_common/hardware_timer/timer.c.obj
 .bss.irq_hander_chain_free_slot_head
                0x20001db9        0x1 CMakeFiles/p78_nrf.dir/home/p7810456/pico-sdk/src/rp2_common/hardware_irq/irq.c.obj
 .bss.itf_num   0x20001dba        0x1 CMakeFiles/p78_nrf.dir/home/p7810456/pico-sdk/src/rp2_common/pico_stdio_usb/reset_interface.c.obj
 .bss.low_priority_irq_num
                0x20001dbb        0x1 CMakeFiles/p78_nrf.dir/home/p7810456/pico-sdk/src/rp2_common/pico_stdio_usb/stdio_usb.c.obj
 .bss.nrf24_status
                0x20001dbc        0x1 CMakeFiles/p78_nrf.dir/home/p7810456/p78_testing/rpi-pico/nrf24_demos/p78_nrf24/nrf24l01.c.obj
 .bss.one_shot_timer_pending
                0x20001dbd        0x1 CMakeFiles/p78_nrf.dir/home/p7810456/pico-sdk/src/rp2_common/pico_stdio_usb/stdio_usb.c.obj
 .bss.timer_callbacks_pending
                0x20001dbe        0x1 CMakeFiles/p78_nrf.dir/home/p7810456/pico-sdk/src/rp2_common/hardware_timer/timer.c.obj
 .bss.user_irq_claimed
                0x20001dbf        0x1 CMakeFiles/p78_nrf.dir/home/p7810456/pico-sdk/src/rp2_common/hardware_irq/irq.c.obj
 *(COMMON)
                0x20001dc0                        . = ALIGN (0x4)
                0x20001dc0                        __bss_end__ = .

.heap           0x20001dc0      0x800
                0x20001dc0                        __end__ = .
                0x20001dc0                        end = __end__
 *(.heap*)
 .heap          0x20001dc0      0x800 CMakeFiles/p78_nrf.dir/home/p7810456/pico-sdk/src/rp2_common/pico_standard_link/crt0.S.obj
                0x200025c0                        __HeapLimit = .

.stack1_dummy
 *(.stack1*)

.stack_dummy    0x20041000      0x800
 *(.stack*)
 .stack         0x20041000      0x800 CMakeFiles/p78_nrf.dir/home/p7810456/pico-sdk/src/rp2_common/pico_standard_link/crt0.S.obj

.flash_end      0x10008600        0x0
                0x10008600                        __flash_binary_end = .
                0x20040000                        __StackLimit = (ORIGIN (RAM) + LENGTH (RAM))
                0x20041000                        __StackOneTop = (ORIGIN (SCRATCH_X) + LENGTH (SCRATCH_X))
                0x20042000                        __StackTop = (ORIGIN (SCRATCH_Y) + LENGTH (SCRATCH_Y))
                0x20041000                        __StackOneBottom = (__StackOneTop - SIZEOF (.stack1_dummy))
                0x20041800                        __StackBottom = (__StackTop - SIZEOF (.stack_dummy))
                0x20042000                        PROVIDE (__stack = __StackTop)
                0x00000001                        ASSERT ((__StackLimit >= __HeapLimit), region RAM overflowed)
                0x00000001                        ASSERT (((__binary_info_header_end - __logical_binary_start) <= 0x100), Binary info must be in first 256 bytes of the binary)
LOAD CMakeFiles/p78_nrf.dir/main.c.obj
LOAD CMakeFiles/p78_nrf.dir/home/p7810456/p78_testing/rpi-pico/nrf24_demos/p78_nrf24/nrf24l01.c.obj
LOAD CMakeFiles/p78_nrf.dir/home/p7810456/pico-sdk/src/rp2_common/pico_stdlib/stdlib.c.obj
LOAD CMakeFiles/p78_nrf.dir/home/p7810456/pico-sdk/src/rp2_common/hardware_gpio/gpio.c.obj
LOAD CMakeFiles/p78_nrf.dir/home/p7810456/pico-sdk/src/rp2_common/pico_platform/platform.c.obj
LOAD CMakeFiles/p78_nrf.dir/home/p7810456/pico-sdk/src/rp2_common/hardware_claim/claim.c.obj
LOAD CMakeFiles/p78_nrf.dir/home/p7810456/pico-sdk/src/rp2_common/hardware_sync/sync.c.obj
LOAD CMakeFiles/p78_nrf.dir/home/p7810456/pico-sdk/src/rp2_common/hardware_irq/irq.c.obj
LOAD CMakeFiles/p78_nrf.dir/home/p7810456/pico-sdk/src/rp2_common/hardware_irq/irq_handler_chain.S.obj
LOAD CMakeFiles/p78_nrf.dir/home/p7810456/pico-sdk/src/common/pico_sync/sem.c.obj
LOAD CMakeFiles/p78_nrf.dir/home/p7810456/pico-sdk/src/common/pico_sync/lock_core.c.obj
LOAD CMakeFiles/p78_nrf.dir/home/p7810456/pico-sdk/src/common/pico_sync/mutex.c.obj
LOAD CMakeFiles/p78_nrf.dir/home/p7810456/pico-sdk/src/common/pico_sync/critical_section.c.obj
LOAD CMakeFiles/p78_nrf.dir/home/p7810456/pico-sdk/src/common/pico_time/time.c.obj
LOAD CMakeFiles/p78_nrf.dir/home/p7810456/pico-sdk/src/common/pico_time/timeout_helper.c.obj
LOAD CMakeFiles/p78_nrf.dir/home/p7810456/pico-sdk/src/rp2_common/hardware_timer/timer.c.obj
LOAD CMakeFiles/p78_nrf.dir/home/p7810456/pico-sdk/src/common/pico_util/datetime.c.obj
LOAD CMakeFiles/p78_nrf.dir/home/p7810456/pico-sdk/src/common/pico_util/pheap.c.obj
LOAD CMakeFiles/p78_nrf.dir/home/p7810456/pico-sdk/src/common/pico_util/queue.c.obj
LOAD CMakeFiles/p78_nrf.dir/home/p7810456/pico-sdk/src/rp2_common/hardware_uart/uart.c.obj
LOAD CMakeFiles/p78_nrf.dir/home/p7810456/pico-sdk/src/rp2_common/hardware_clocks/clocks.c.obj
LOAD CMakeFiles/p78_nrf.dir/home/p7810456/pico-sdk/src/rp2_common/hardware_pll/pll.c.obj
LOAD CMakeFiles/p78_nrf.dir/home/p7810456/pico-sdk/src/rp2_common/hardware_vreg/vreg.c.obj
LOAD CMakeFiles/p78_nrf.dir/home/p7810456/pico-sdk/src/rp2_common/hardware_watchdog/watchdog.c.obj
LOAD CMakeFiles/p78_nrf.dir/home/p7810456/pico-sdk/src/rp2_common/hardware_xosc/xosc.c.obj
LOAD CMakeFiles/p78_nrf.dir/home/p7810456/pico-sdk/src/rp2_common/hardware_divider/divider.S.obj
LOAD CMakeFiles/p78_nrf.dir/home/p7810456/pico-sdk/src/rp2_common/pico_runtime/runtime.c.obj
LOAD CMakeFiles/p78_nrf.dir/home/p7810456/pico-sdk/src/rp2_common/pico_printf/printf.c.obj
LOAD CMakeFiles/p78_nrf.dir/home/p7810456/pico-sdk/src/rp2_common/pico_bit_ops/bit_ops_aeabi.S.obj
LOAD CMakeFiles/p78_nrf.dir/home/p7810456/pico-sdk/src/rp2_common/pico_bootrom/bootrom.c.obj
LOAD CMakeFiles/p78_nrf.dir/home/p7810456/pico-sdk/src/rp2_common/pico_divider/divider.S.obj
LOAD CMakeFiles/p78_nrf.dir/home/p7810456/pico-sdk/src/rp2_common/pico_double/double_aeabi.S.obj
LOAD CMakeFiles/p78_nrf.dir/home/p7810456/pico-sdk/src/rp2_common/pico_double/double_init_rom.c.obj
LOAD CMakeFiles/p78_nrf.dir/home/p7810456/pico-sdk/src/rp2_common/pico_double/double_math.c.obj
LOAD CMakeFiles/p78_nrf.dir/home/p7810456/pico-sdk/src/rp2_common/pico_double/double_v1_rom_shim.S.obj
LOAD CMakeFiles/p78_nrf.dir/home/p7810456/pico-sdk/src/rp2_common/pico_int64_ops/pico_int64_ops_aeabi.S.obj
LOAD CMakeFiles/p78_nrf.dir/home/p7810456/pico-sdk/src/rp2_common/pico_float/float_aeabi.S.obj
LOAD CMakeFiles/p78_nrf.dir/home/p7810456/pico-sdk/src/rp2_common/pico_float/float_init_rom.c.obj
LOAD CMakeFiles/p78_nrf.dir/home/p7810456/pico-sdk/src/rp2_common/pico_float/float_math.c.obj
LOAD CMakeFiles/p78_nrf.dir/home/p7810456/pico-sdk/src/rp2_common/pico_float/float_v1_rom_shim.S.obj
LOAD CMakeFiles/p78_nrf.dir/home/p7810456/pico-sdk/src/rp2_common/pico_malloc/pico_malloc.c.obj
LOAD CMakeFiles/p78_nrf.dir/home/p7810456/pico-sdk/src/rp2_common/pico_mem_ops/mem_ops_aeabi.S.obj
LOAD CMakeFiles/p78_nrf.dir/home/p7810456/pico-sdk/src/rp2_common/pico_standard_link/crt0.S.obj
LOAD CMakeFiles/p78_nrf.dir/home/p7810456/pico-sdk/src/rp2_common/pico_standard_link/new_delete.cpp.obj
LOAD CMakeFiles/p78_nrf.dir/home/p7810456/pico-sdk/src/rp2_common/pico_standard_link/binary_info.c.obj
LOAD CMakeFiles/p78_nrf.dir/home/p7810456/pico-sdk/src/rp2_common/pico_stdio/stdio.c.obj
LOAD CMakeFiles/p78_nrf.dir/home/p7810456/pico-sdk/src/rp2_common/pico_stdio_uart/stdio_uart.c.obj
LOAD CMakeFiles/p78_nrf.dir/home/p7810456/pico-sdk/src/rp2_common/pico_stdio_usb/reset_interface.c.obj
LOAD CMakeFiles/p78_nrf.dir/home/p7810456/pico-sdk/src/rp2_common/pico_stdio_usb/stdio_usb.c.obj
LOAD CMakeFiles/p78_nrf.dir/home/p7810456/pico-sdk/src/rp2_common/pico_stdio_usb/stdio_usb_descriptors.c.obj
LOAD CMakeFiles/p78_nrf.dir/home/p7810456/pico-sdk/src/rp2_common/pico_unique_id/unique_id.c.obj
LOAD CMakeFiles/p78_nrf.dir/home/p7810456/pico-sdk/src/rp2_common/hardware_flash/flash.c.obj
LOAD CMakeFiles/p78_nrf.dir/home/p7810456/pico-sdk/lib/tinyusb/src/portable/raspberrypi/rp2040/dcd_rp2040.c.obj
LOAD CMakeFiles/p78_nrf.dir/home/p7810456/pico-sdk/lib/tinyusb/src/portable/raspberrypi/rp2040/rp2040_usb.c.obj
LOAD CMakeFiles/p78_nrf.dir/home/p7810456/pico-sdk/lib/tinyusb/src/device/usbd.c.obj
LOAD CMakeFiles/p78_nrf.dir/home/p7810456/pico-sdk/lib/tinyusb/src/device/usbd_control.c.obj
LOAD CMakeFiles/p78_nrf.dir/home/p7810456/pico-sdk/lib/tinyusb/src/class/audio/audio_device.c.obj
LOAD CMakeFiles/p78_nrf.dir/home/p7810456/pico-sdk/lib/tinyusb/src/class/cdc/cdc_device.c.obj
LOAD CMakeFiles/p78_nrf.dir/home/p7810456/pico-sdk/lib/tinyusb/src/class/dfu/dfu_device.c.obj
LOAD CMakeFiles/p78_nrf.dir/home/p7810456/pico-sdk/lib/tinyusb/src/class/dfu/dfu_rt_device.c.obj
LOAD CMakeFiles/p78_nrf.dir/home/p7810456/pico-sdk/lib/tinyusb/src/class/hid/hid_device.c.obj
LOAD CMakeFiles/p78_nrf.dir/home/p7810456/pico-sdk/lib/tinyusb/src/class/midi/midi_device.c.obj
LOAD CMakeFiles/p78_nrf.dir/home/p7810456/pico-sdk/lib/tinyusb/src/class/msc/msc_device.c.obj
LOAD CMakeFiles/p78_nrf.dir/home/p7810456/pico-sdk/lib/tinyusb/src/class/net/ecm_rndis_device.c.obj
LOAD CMakeFiles/p78_nrf.dir/home/p7810456/pico-sdk/lib/tinyusb/src/class/net/ncm_device.c.obj
LOAD CMakeFiles/p78_nrf.dir/home/p7810456/pico-sdk/lib/tinyusb/src/class/usbtmc/usbtmc_device.c.obj
LOAD CMakeFiles/p78_nrf.dir/home/p7810456/pico-sdk/lib/tinyusb/src/class/vendor/vendor_device.c.obj
LOAD CMakeFiles/p78_nrf.dir/home/p7810456/pico-sdk/lib/tinyusb/src/class/video/video_device.c.obj
LOAD CMakeFiles/p78_nrf.dir/home/p7810456/pico-sdk/lib/tinyusb/src/tusb.c.obj
LOAD CMakeFiles/p78_nrf.dir/home/p7810456/pico-sdk/lib/tinyusb/src/common/tusb_fifo.c.obj
LOAD CMakeFiles/p78_nrf.dir/home/p7810456/pico-sdk/src/rp2_common/pico_fix/rp2040_usb_device_enumeration/rp2040_usb_device_enumeration.c.obj
LOAD CMakeFiles/p78_nrf.dir/home/p7810456/pico-sdk/src/rp2_common/hardware_spi/spi.c.obj
LOAD /tmp/ccvpvBlL.o
LOAD /home/p7810456/arm-gnu-toolchain-12.2.mpacbti-rel1-x86_64-arm-none-eabi/bin/../lib/gcc/arm-none-eabi/12.2.1/../../../../arm-none-eabi/lib/thumb/v6-m/nofp/libstdc++.a
LOAD /home/p7810456/arm-gnu-toolchain-12.2.mpacbti-rel1-x86_64-arm-none-eabi/bin/../lib/gcc/arm-none-eabi/12.2.1/../../../../arm-none-eabi/lib/thumb/v6-m/nofp/libm.a
START GROUP
LOAD /home/p7810456/arm-gnu-toolchain-12.2.mpacbti-rel1-x86_64-arm-none-eabi/bin/../lib/gcc/arm-none-eabi/12.2.1/thumb/v6-m/nofp/libgcc.a
LOAD /home/p7810456/arm-gnu-toolchain-12.2.mpacbti-rel1-x86_64-arm-none-eabi/bin/../lib/gcc/arm-none-eabi/12.2.1/../../../../arm-none-eabi/lib/thumb/v6-m/nofp/libc.a
END GROUP
START GROUP
LOAD /home/p7810456/arm-gnu-toolchain-12.2.mpacbti-rel1-x86_64-arm-none-eabi/bin/../lib/gcc/arm-none-eabi/12.2.1/thumb/v6-m/nofp/libgcc.a
LOAD /home/p7810456/arm-gnu-toolchain-12.2.mpacbti-rel1-x86_64-arm-none-eabi/bin/../lib/gcc/arm-none-eabi/12.2.1/../../../../arm-none-eabi/lib/thumb/v6-m/nofp/libc.a
LOAD /home/p7810456/arm-gnu-toolchain-12.2.mpacbti-rel1-x86_64-arm-none-eabi/bin/../lib/gcc/arm-none-eabi/12.2.1/../../../../arm-none-eabi/lib/thumb/v6-m/nofp/libnosys.a
END GROUP
LOAD /home/p7810456/arm-gnu-toolchain-12.2.mpacbti-rel1-x86_64-arm-none-eabi/bin/../lib/gcc/arm-none-eabi/12.2.1/thumb/v6-m/nofp/crtend.o
LOAD /home/p7810456/arm-gnu-toolchain-12.2.mpacbti-rel1-x86_64-arm-none-eabi/bin/../lib/gcc/arm-none-eabi/12.2.1/thumb/v6-m/nofp/crtn.o
OUTPUT(p78_nrf.elf elf32-littlearm)
LOAD linker stubs

.ARM.attributes
                0x00000000       0x28
 .ARM.attributes
                0x00000000       0x1e /home/p7810456/arm-gnu-toolchain-12.2.mpacbti-rel1-x86_64-arm-none-eabi/bin/../lib/gcc/arm-none-eabi/12.2.1/thumb/v6-m/nofp/crti.o
 .ARM.attributes
                0x0000001e       0x2c /home/p7810456/arm-gnu-toolchain-12.2.mpacbti-rel1-x86_64-arm-none-eabi/bin/../lib/gcc/arm-none-eabi/12.2.1/thumb/v6-m/nofp/crtbegin.o
 .ARM.attributes
                0x0000004a       0x2c CMakeFiles/p78_nrf.dir/main.c.obj
 .ARM.attributes
                0x00000076       0x2c CMakeFiles/p78_nrf.dir/home/p7810456/p78_testing/rpi-pico/nrf24_demos/p78_nrf24/nrf24l01.c.obj
 .ARM.attributes
                0x000000a2       0x2c CMakeFiles/p78_nrf.dir/home/p7810456/pico-sdk/src/rp2_common/hardware_gpio/gpio.c.obj
 .ARM.attributes
                0x000000ce       0x2c CMakeFiles/p78_nrf.dir/home/p7810456/pico-sdk/src/rp2_common/pico_platform/platform.c.obj
 .ARM.attributes
                0x000000fa       0x2c CMakeFiles/p78_nrf.dir/home/p7810456/pico-sdk/src/rp2_common/hardware_claim/claim.c.obj
 .ARM.attributes
                0x00000126       0x2c CMakeFiles/p78_nrf.dir/home/p7810456/pico-sdk/src/rp2_common/hardware_sync/sync.c.obj
 .ARM.attributes
                0x00000152       0x2c CMakeFiles/p78_nrf.dir/home/p7810456/pico-sdk/src/rp2_common/hardware_irq/irq.c.obj
 .ARM.attributes
                0x0000017e       0x22 CMakeFiles/p78_nrf.dir/home/p7810456/pico-sdk/src/rp2_common/hardware_irq/irq_handler_chain.S.obj
 .ARM.attributes
                0x000001a0       0x2c CMakeFiles/p78_nrf.dir/home/p7810456/pico-sdk/src/common/pico_sync/lock_core.c.obj
 .ARM.attributes
                0x000001cc       0x2c CMakeFiles/p78_nrf.dir/home/p7810456/pico-sdk/src/common/pico_sync/mutex.c.obj
 .ARM.attributes
                0x000001f8       0x2c CMakeFiles/p78_nrf.dir/home/p7810456/pico-sdk/src/common/pico_sync/critical_section.c.obj
 .ARM.attributes
                0x00000224       0x2c CMakeFiles/p78_nrf.dir/home/p7810456/pico-sdk/src/common/pico_time/time.c.obj
 .ARM.attributes
                0x00000250       0x2c CMakeFiles/p78_nrf.dir/home/p7810456/pico-sdk/src/rp2_common/hardware_timer/timer.c.obj
 .ARM.attributes
                0x0000027c       0x2c CMakeFiles/p78_nrf.dir/home/p7810456/pico-sdk/src/common/pico_util/pheap.c.obj
 .ARM.attributes
                0x000002a8       0x2c CMakeFiles/p78_nrf.dir/home/p7810456/pico-sdk/src/rp2_common/hardware_uart/uart.c.obj
 .ARM.attributes
                0x000002d4       0x2c CMakeFiles/p78_nrf.dir/home/p7810456/pico-sdk/src/rp2_common/hardware_clocks/clocks.c.obj
 .ARM.attributes
                0x00000300       0x2c CMakeFiles/p78_nrf.dir/home/p7810456/pico-sdk/src/rp2_common/hardware_pll/pll.c.obj
 .ARM.attributes
                0x0000032c       0x2c CMakeFiles/p78_nrf.dir/home/p7810456/pico-sdk/src/rp2_common/hardware_watchdog/watchdog.c.obj
 .ARM.attributes
                0x00000358       0x2c CMakeFiles/p78_nrf.dir/home/p7810456/pico-sdk/src/rp2_common/hardware_xosc/xosc.c.obj
 .ARM.attributes
                0x00000384       0x2c CMakeFiles/p78_nrf.dir/home/p7810456/pico-sdk/src/rp2_common/pico_runtime/runtime.c.obj
 .ARM.attributes
                0x000003b0       0x2c CMakeFiles/p78_nrf.dir/home/p7810456/pico-sdk/src/rp2_common/pico_printf/printf.c.obj
 .ARM.attributes
                0x000003dc       0x22 CMakeFiles/p78_nrf.dir/home/p7810456/pico-sdk/src/rp2_common/pico_bit_ops/bit_ops_aeabi.S.obj
 .ARM.attributes
                0x000003fe       0x2c CMakeFiles/p78_nrf.dir/home/p7810456/pico-sdk/src/rp2_common/pico_bootrom/bootrom.c.obj
 .ARM.attributes
                0x0000042a       0x22 CMakeFiles/p78_nrf.dir/home/p7810456/pico-sdk/src/rp2_common/pico_divider/divider.S.obj
 .ARM.attributes
                0x0000044c       0x22 CMakeFiles/p78_nrf.dir/home/p7810456/pico-sdk/src/rp2_common/pico_double/double_aeabi.S.obj
 .ARM.attributes
                0x0000046e       0x2c CMakeFiles/p78_nrf.dir/home/p7810456/pico-sdk/src/rp2_common/pico_double/double_init_rom.c.obj
 .ARM.attributes
                0x0000049a       0x22 CMakeFiles/p78_nrf.dir/home/p7810456/pico-sdk/src/rp2_common/pico_double/double_v1_rom_shim.S.obj
 .ARM.attributes
                0x000004bc       0x22 CMakeFiles/p78_nrf.dir/home/p7810456/pico-sdk/src/rp2_common/pico_int64_ops/pico_int64_ops_aeabi.S.obj
 .ARM.attributes
                0x000004de       0x22 CMakeFiles/p78_nrf.dir/home/p7810456/pico-sdk/src/rp2_common/pico_float/float_aeabi.S.obj
 .ARM.attributes
                0x00000500       0x2c CMakeFiles/p78_nrf.dir/home/p7810456/pico-sdk/src/rp2_common/pico_float/float_init_rom.c.obj
 .ARM.attributes
                0x0000052c       0x22 CMakeFiles/p78_nrf.dir/home/p7810456/pico-sdk/src/rp2_common/pico_float/float_v1_rom_shim.S.obj
 .ARM.attributes
                0x0000054e       0x22 CMakeFiles/p78_nrf.dir/home/p7810456/pico-sdk/src/rp2_common/pico_mem_ops/mem_ops_aeabi.S.obj
 .ARM.attributes
                0x00000570       0x22 CMakeFiles/p78_nrf.dir/home/p7810456/pico-sdk/src/rp2_common/pico_standard_link/crt0.S.obj
 .ARM.attributes
                0x00000592       0x2c CMakeFiles/p78_nrf.dir/home/p7810456/pico-sdk/src/rp2_common/pico_standard_link/binary_info.c.obj
 .ARM.attributes
                0x000005be       0x2c CMakeFiles/p78_nrf.dir/home/p7810456/pico-sdk/src/rp2_common/pico_stdio/stdio.c.obj
 .ARM.attributes
                0x000005ea       0x2c CMakeFiles/p78_nrf.dir/home/p7810456/pico-sdk/src/rp2_common/pico_stdio_uart/stdio_uart.c.obj
 .ARM.attributes
                0x00000616       0x2c CMakeFiles/p78_nrf.dir/home/p7810456/pico-sdk/src/rp2_common/pico_stdio_usb/reset_interface.c.obj
 .ARM.attributes
                0x00000642       0x2c CMakeFiles/p78_nrf.dir/home/p7810456/pico-sdk/src/rp2_common/pico_stdio_usb/stdio_usb.c.obj
 .ARM.attributes
                0x0000066e       0x2c CMakeFiles/p78_nrf.dir/home/p7810456/pico-sdk/src/rp2_common/pico_stdio_usb/stdio_usb_descriptors.c.obj
 .ARM.attributes
                0x0000069a       0x2c CMakeFiles/p78_nrf.dir/home/p7810456/pico-sdk/src/rp2_common/pico_unique_id/unique_id.c.obj
 .ARM.attributes
                0x000006c6       0x2c CMakeFiles/p78_nrf.dir/home/p7810456/pico-sdk/src/rp2_common/hardware_flash/flash.c.obj
 .ARM.attributes
                0x000006f2       0x2c CMakeFiles/p78_nrf.dir/home/p7810456/pico-sdk/lib/tinyusb/src/portable/raspberrypi/rp2040/dcd_rp2040.c.obj
 .ARM.attributes
                0x0000071e       0x2c CMakeFiles/p78_nrf.dir/home/p7810456/pico-sdk/lib/tinyusb/src/portable/raspberrypi/rp2040/rp2040_usb.c.obj
 .ARM.attributes
                0x0000074a       0x2c CMakeFiles/p78_nrf.dir/home/p7810456/pico-sdk/lib/tinyusb/src/device/usbd.c.obj
 .ARM.attributes
                0x00000776       0x2c CMakeFiles/p78_nrf.dir/home/p7810456/pico-sdk/lib/tinyusb/src/device/usbd_control.c.obj
 .ARM.attributes
                0x000007a2       0x2c CMakeFiles/p78_nrf.dir/home/p7810456/pico-sdk/lib/tinyusb/src/class/cdc/cdc_device.c.obj
 .ARM.attributes
                0x000007ce       0x2c CMakeFiles/p78_nrf.dir/home/p7810456/pico-sdk/lib/tinyusb/src/tusb.c.obj
 .ARM.attributes